Mbuti	Ju_hoan_North
Mbuti	Biaka
Mbuti	BantuHerero
Mbuti	BantuKenya
Mbuti	BantuTswana
Mbuti	Dinka
Mbuti	Gambian
Mbuti	Yoruba
Mbuti	Mende
Mbuti	Mandenka
Mbuti	Luo
Mbuti	Luhya
Mbuti	Esan
Mbuti	Masai
Mbuti	Somali
Mbuti	Mozabite
Mbuti	BedouinB
Mbuti	Palestinian
Mbuti	Jordanian
Mbuti	Armenian
Mbuti	Abkhasian
Mbuti	Druze
Mbuti	Georgian
Mbuti	Iranian
Mbuti	Adygei
Mbuti	Lezgin
Mbuti	Chechen
Mbuti	North_Ossetian
Mbuti	Greek
Mbuti	Tuscan
Mbuti	Bergamo
Mbuti	Bulgarian
Mbuti	Sardinian
Mbuti	Spanish
Mbuti	French
Mbuti	Orcadian
Mbuti	Basque
Mbuti	Hungarian
Mbuti	Icelandic
Mbuti	English
Mbuti	Estonian
Mbuti	Finnish
Mbuti	Russian
Mbuti	Makrani
Mbuti	Balochi
Mbuti	Kalash
Mbuti	Brahui
Mbuti	Pathan
Mbuti	Sindhi
Mbuti	Punjabi
Mbuti	Burusho
Mbuti	Bengali
Mbuti	Hazara
Mbuti	Kusunda
Mbuti	Bougainville
Mbuti	Papuan
Mbuti	Pima
Mbuti	Zapotec
Mbuti	Mayan
Mbuti	Mixe
Mbuti	Piapoco
Mbuti	Karitiana
Mbuti	Surui
Mbuti	Tlingit
Mbuti	Chukchi
Mbuti	Mansi
Mbuti	Aleut
Mbuti	Tubalar
Mbuti	Altaian
Mbuti	Uyghur
Mbuti	Eskimo
Mbuti	Even
Mbuti	Itelman
Mbuti	Ulchi
Mbuti	Yakut
Mbuti	Oroqen
Mbuti	Hezhen
Mbuti	Daur
Mbuti	Xibo
Mbuti	Mongol
Mbuti	Japanese
Mbuti	Korean
Mbuti	Hui
Mbuti	Han
Mbuti	Lahu
Mbuti	Qiang
Mbuti	Bai
Mbuti	Jino
Mbuti	Hani
Mbuti	Achang
Mbuti	Yi
Mbuti	Naxi
Mbuti	Tu
Mbuti	Jingpo
Mbuti	Ersu
Mbuti	Pumi(N)
Mbuti	Pumi
Mbuti	Muya
Mbuti	Namuyi
Mbuti	Lisu
Mbuti	Nu
Mbuti	Derung
Mbuti	Jiarong
Mbuti	Luoba
Mbuti	Monba
Mbuti	Tibetan(SC)
Mbuti	Tibetan
Mbuti	Sherpa
Mbuti	Cambodian
Mbuti	Ami
Mbuti	Atayal
Mbuti	Dai
Mbuti	Thai
Mbuti	Kinh
Mbuti	Tujia
Mbuti	She
Mbuti	Miao
Ju_hoan_North	Biaka
Ju_hoan_North	BantuHerero
Ju_hoan_North	BantuKenya
Ju_hoan_North	BantuTswana
Ju_hoan_North	Dinka
Ju_hoan_North	Gambian
Ju_hoan_North	Yoruba
Ju_hoan_North	Mende
Ju_hoan_North	Mandenka
Ju_hoan_North	Luo
Ju_hoan_North	Luhya
Ju_hoan_North	Esan
Ju_hoan_North	Masai
Ju_hoan_North	Somali
Ju_hoan_North	Mozabite
Ju_hoan_North	BedouinB
Ju_hoan_North	Palestinian
Ju_hoan_North	Jordanian
Ju_hoan_North	Armenian
Ju_hoan_North	Abkhasian
Ju_hoan_North	Druze
Ju_hoan_North	Georgian
Ju_hoan_North	Iranian
Ju_hoan_North	Adygei
Ju_hoan_North	Lezgin
Ju_hoan_North	Chechen
Ju_hoan_North	North_Ossetian
Ju_hoan_North	Greek
Ju_hoan_North	Tuscan
Ju_hoan_North	Bergamo
Ju_hoan_North	Bulgarian
Ju_hoan_North	Sardinian
Ju_hoan_North	Spanish
Ju_hoan_North	French
Ju_hoan_North	Orcadian
Ju_hoan_North	Basque
Ju_hoan_North	Hungarian
Ju_hoan_North	Icelandic
Ju_hoan_North	English
Ju_hoan_North	Estonian
Ju_hoan_North	Finnish
Ju_hoan_North	Russian
Ju_hoan_North	Makrani
Ju_hoan_North	Balochi
Ju_hoan_North	Kalash
Ju_hoan_North	Brahui
Ju_hoan_North	Pathan
Ju_hoan_North	Sindhi
Ju_hoan_North	Punjabi
Ju_hoan_North	Burusho
Ju_hoan_North	Bengali
Ju_hoan_North	Hazara
Ju_hoan_North	Kusunda
Ju_hoan_North	Bougainville
Ju_hoan_North	Papuan
Ju_hoan_North	Pima
Ju_hoan_North	Zapotec
Ju_hoan_North	Mayan
Ju_hoan_North	Mixe
Ju_hoan_North	Piapoco
Ju_hoan_North	Karitiana
Ju_hoan_North	Surui
Ju_hoan_North	Tlingit
Ju_hoan_North	Chukchi
Ju_hoan_North	Mansi
Ju_hoan_North	Aleut
Ju_hoan_North	Tubalar
Ju_hoan_North	Altaian
Ju_hoan_North	Uyghur
Ju_hoan_North	Eskimo
Ju_hoan_North	Even
Ju_hoan_North	Itelman
Ju_hoan_North	Ulchi
Ju_hoan_North	Yakut
Ju_hoan_North	Oroqen
Ju_hoan_North	Hezhen
Ju_hoan_North	Daur
Ju_hoan_North	Xibo
Ju_hoan_North	Mongol
Ju_hoan_North	Japanese
Ju_hoan_North	Korean
Ju_hoan_North	Hui
Ju_hoan_North	Han
Ju_hoan_North	Lahu
Ju_hoan_North	Qiang
Ju_hoan_North	Bai
Ju_hoan_North	Jino
Ju_hoan_North	Hani
Ju_hoan_North	Achang
Ju_hoan_North	Yi
Ju_hoan_North	Naxi
Ju_hoan_North	Tu
Ju_hoan_North	Jingpo
Ju_hoan_North	Ersu
Ju_hoan_North	Pumi(N)
Ju_hoan_North	Pumi
Ju_hoan_North	Muya
Ju_hoan_North	Namuyi
Ju_hoan_North	Lisu
Ju_hoan_North	Nu
Ju_hoan_North	Derung
Ju_hoan_North	Jiarong
Ju_hoan_North	Luoba
Ju_hoan_North	Monba
Ju_hoan_North	Tibetan(SC)
Ju_hoan_North	Tibetan
Ju_hoan_North	Sherpa
Ju_hoan_North	Cambodian
Ju_hoan_North	Ami
Ju_hoan_North	Atayal
Ju_hoan_North	Dai
Ju_hoan_North	Thai
Ju_hoan_North	Kinh
Ju_hoan_North	Tujia
Ju_hoan_North	She
Ju_hoan_North	Miao
Biaka	BantuHerero
Biaka	BantuKenya
Biaka	BantuTswana
Biaka	Dinka
Biaka	Gambian
Biaka	Yoruba
Biaka	Mende
Biaka	Mandenka
Biaka	Luo
Biaka	Luhya
Biaka	Esan
Biaka	Masai
Biaka	Somali
Biaka	Mozabite
Biaka	BedouinB
Biaka	Palestinian
Biaka	Jordanian
Biaka	Armenian
Biaka	Abkhasian
Biaka	Druze
Biaka	Georgian
Biaka	Iranian
Biaka	Adygei
Biaka	Lezgin
Biaka	Chechen
Biaka	North_Ossetian
Biaka	Greek
Biaka	Tuscan
Biaka	Bergamo
Biaka	Bulgarian
Biaka	Sardinian
Biaka	Spanish
Biaka	French
Biaka	Orcadian
Biaka	Basque
Biaka	Hungarian
Biaka	Icelandic
Biaka	English
Biaka	Estonian
Biaka	Finnish
Biaka	Russian
Biaka	Makrani
Biaka	Balochi
Biaka	Kalash
Biaka	Brahui
Biaka	Pathan
Biaka	Sindhi
Biaka	Punjabi
Biaka	Burusho
Biaka	Bengali
Biaka	Hazara
Biaka	Kusunda
Biaka	Bougainville
Biaka	Papuan
Biaka	Pima
Biaka	Zapotec
Biaka	Mayan
Biaka	Mixe
Biaka	Piapoco
Biaka	Karitiana
Biaka	Surui
Biaka	Tlingit
Biaka	Chukchi
Biaka	Mansi
Biaka	Aleut
Biaka	Tubalar
Biaka	Altaian
Biaka	Uyghur
Biaka	Eskimo
Biaka	Even
Biaka	Itelman
Biaka	Ulchi
Biaka	Yakut
Biaka	Oroqen
Biaka	Hezhen
Biaka	Daur
Biaka	Xibo
Biaka	Mongol
Biaka	Japanese
Biaka	Korean
Biaka	Hui
Biaka	Han
Biaka	Lahu
Biaka	Qiang
Biaka	Bai
Biaka	Jino
Biaka	Hani
Biaka	Achang
Biaka	Yi
Biaka	Naxi
Biaka	Tu
Biaka	Jingpo
Biaka	Ersu
Biaka	Pumi(N)
Biaka	Pumi
Biaka	Muya
Biaka	Namuyi
Biaka	Lisu
Biaka	Nu
Biaka	Derung
Biaka	Jiarong
Biaka	Luoba
Biaka	Monba
Biaka	Tibetan(SC)
Biaka	Tibetan
Biaka	Sherpa
Biaka	Cambodian
Biaka	Ami
Biaka	Atayal
Biaka	Dai
Biaka	Thai
Biaka	Kinh
Biaka	Tujia
Biaka	She
Biaka	Miao
BantuHerero	BantuKenya
BantuHerero	BantuTswana
BantuHerero	Dinka
BantuHerero	Gambian
BantuHerero	Yoruba
BantuHerero	Mende
BantuHerero	Mandenka
BantuHerero	Luo
BantuHerero	Luhya
BantuHerero	Esan
BantuHerero	Masai
BantuHerero	Somali
BantuHerero	Mozabite
BantuHerero	BedouinB
BantuHerero	Palestinian
BantuHerero	Jordanian
BantuHerero	Armenian
BantuHerero	Abkhasian
BantuHerero	Druze
BantuHerero	Georgian
BantuHerero	Iranian
BantuHerero	Adygei
BantuHerero	Lezgin
BantuHerero	Chechen
BantuHerero	North_Ossetian
BantuHerero	Greek
BantuHerero	Tuscan
BantuHerero	Bergamo
BantuHerero	Bulgarian
BantuHerero	Sardinian
BantuHerero	Spanish
BantuHerero	French
BantuHerero	Orcadian
BantuHerero	Basque
BantuHerero	Hungarian
BantuHerero	Icelandic
BantuHerero	English
BantuHerero	Estonian
BantuHerero	Finnish
BantuHerero	Russian
BantuHerero	Makrani
BantuHerero	Balochi
BantuHerero	Kalash
BantuHerero	Brahui
BantuHerero	Pathan
BantuHerero	Sindhi
BantuHerero	Punjabi
BantuHerero	Burusho
BantuHerero	Bengali
BantuHerero	Hazara
BantuHerero	Kusunda
BantuHerero	Bougainville
BantuHerero	Papuan
BantuHerero	Pima
BantuHerero	Zapotec
BantuHerero	Mayan
BantuHerero	Mixe
BantuHerero	Piapoco
BantuHerero	Karitiana
BantuHerero	Surui
BantuHerero	Tlingit
BantuHerero	Chukchi
BantuHerero	Mansi
BantuHerero	Aleut
BantuHerero	Tubalar
BantuHerero	Altaian
BantuHerero	Uyghur
BantuHerero	Eskimo
BantuHerero	Even
BantuHerero	Itelman
BantuHerero	Ulchi
BantuHerero	Yakut
BantuHerero	Oroqen
BantuHerero	Hezhen
BantuHerero	Daur
BantuHerero	Xibo
BantuHerero	Mongol
BantuHerero	Japanese
BantuHerero	Korean
BantuHerero	Hui
BantuHerero	Han
BantuHerero	Lahu
BantuHerero	Qiang
BantuHerero	Bai
BantuHerero	Jino
BantuHerero	Hani
BantuHerero	Achang
BantuHerero	Yi
BantuHerero	Naxi
BantuHerero	Tu
BantuHerero	Jingpo
BantuHerero	Ersu
BantuHerero	Pumi(N)
BantuHerero	Pumi
BantuHerero	Muya
BantuHerero	Namuyi
BantuHerero	Lisu
BantuHerero	Nu
BantuHerero	Derung
BantuHerero	Jiarong
BantuHerero	Luoba
BantuHerero	Monba
BantuHerero	Tibetan(SC)
BantuHerero	Tibetan
BantuHerero	Sherpa
BantuHerero	Cambodian
BantuHerero	Ami
BantuHerero	Atayal
BantuHerero	Dai
BantuHerero	Thai
BantuHerero	Kinh
BantuHerero	Tujia
BantuHerero	She
BantuHerero	Miao
BantuKenya	BantuTswana
BantuKenya	Dinka
BantuKenya	Gambian
BantuKenya	Yoruba
BantuKenya	Mende
BantuKenya	Mandenka
BantuKenya	Luo
BantuKenya	Luhya
BantuKenya	Esan
BantuKenya	Masai
BantuKenya	Somali
BantuKenya	Mozabite
BantuKenya	BedouinB
BantuKenya	Palestinian
BantuKenya	Jordanian
BantuKenya	Armenian
BantuKenya	Abkhasian
BantuKenya	Druze
BantuKenya	Georgian
BantuKenya	Iranian
BantuKenya	Adygei
BantuKenya	Lezgin
BantuKenya	Chechen
BantuKenya	North_Ossetian
BantuKenya	Greek
BantuKenya	Tuscan
BantuKenya	Bergamo
BantuKenya	Bulgarian
BantuKenya	Sardinian
BantuKenya	Spanish
BantuKenya	French
BantuKenya	Orcadian
BantuKenya	Basque
BantuKenya	Hungarian
BantuKenya	Icelandic
BantuKenya	English
BantuKenya	Estonian
BantuKenya	Finnish
BantuKenya	Russian
BantuKenya	Makrani
BantuKenya	Balochi
BantuKenya	Kalash
BantuKenya	Brahui
BantuKenya	Pathan
BantuKenya	Sindhi
BantuKenya	Punjabi
BantuKenya	Burusho
BantuKenya	Bengali
BantuKenya	Hazara
BantuKenya	Kusunda
BantuKenya	Bougainville
BantuKenya	Papuan
BantuKenya	Pima
BantuKenya	Zapotec
BantuKenya	Mayan
BantuKenya	Mixe
BantuKenya	Piapoco
BantuKenya	Karitiana
BantuKenya	Surui
BantuKenya	Tlingit
BantuKenya	Chukchi
BantuKenya	Mansi
BantuKenya	Aleut
BantuKenya	Tubalar
BantuKenya	Altaian
BantuKenya	Uyghur
BantuKenya	Eskimo
BantuKenya	Even
BantuKenya	Itelman
BantuKenya	Ulchi
BantuKenya	Yakut
BantuKenya	Oroqen
BantuKenya	Hezhen
BantuKenya	Daur
BantuKenya	Xibo
BantuKenya	Mongol
BantuKenya	Japanese
BantuKenya	Korean
BantuKenya	Hui
BantuKenya	Han
BantuKenya	Lahu
BantuKenya	Qiang
BantuKenya	Bai
BantuKenya	Jino
BantuKenya	Hani
BantuKenya	Achang
BantuKenya	Yi
BantuKenya	Naxi
BantuKenya	Tu
BantuKenya	Jingpo
BantuKenya	Ersu
BantuKenya	Pumi(N)
BantuKenya	Pumi
BantuKenya	Muya
BantuKenya	Namuyi
BantuKenya	Lisu
BantuKenya	Nu
BantuKenya	Derung
BantuKenya	Jiarong
BantuKenya	Luoba
BantuKenya	Monba
BantuKenya	Tibetan(SC)
BantuKenya	Tibetan
BantuKenya	Sherpa
BantuKenya	Cambodian
BantuKenya	Ami
BantuKenya	Atayal
BantuKenya	Dai
BantuKenya	Thai
BantuKenya	Kinh
BantuKenya	Tujia
BantuKenya	She
BantuKenya	Miao
BantuTswana	Dinka
BantuTswana	Gambian
BantuTswana	Yoruba
BantuTswana	Mende
BantuTswana	Mandenka
BantuTswana	Luo
BantuTswana	Luhya
BantuTswana	Esan
BantuTswana	Masai
BantuTswana	Somali
BantuTswana	Mozabite
BantuTswana	BedouinB
BantuTswana	Palestinian
BantuTswana	Jordanian
BantuTswana	Armenian
BantuTswana	Abkhasian
BantuTswana	Druze
BantuTswana	Georgian
BantuTswana	Iranian
BantuTswana	Adygei
BantuTswana	Lezgin
BantuTswana	Chechen
BantuTswana	North_Ossetian
BantuTswana	Greek
BantuTswana	Tuscan
BantuTswana	Bergamo
BantuTswana	Bulgarian
BantuTswana	Sardinian
BantuTswana	Spanish
BantuTswana	French
BantuTswana	Orcadian
BantuTswana	Basque
BantuTswana	Hungarian
BantuTswana	Icelandic
BantuTswana	English
BantuTswana	Estonian
BantuTswana	Finnish
BantuTswana	Russian
BantuTswana	Makrani
BantuTswana	Balochi
BantuTswana	Kalash
BantuTswana	Brahui
BantuTswana	Pathan
BantuTswana	Sindhi
BantuTswana	Punjabi
BantuTswana	Burusho
BantuTswana	Bengali
BantuTswana	Hazara
BantuTswana	Kusunda
BantuTswana	Bougainville
BantuTswana	Papuan
BantuTswana	Pima
BantuTswana	Zapotec
BantuTswana	Mayan
BantuTswana	Mixe
BantuTswana	Piapoco
BantuTswana	Karitiana
BantuTswana	Surui
BantuTswana	Tlingit
BantuTswana	Chukchi
BantuTswana	Mansi
BantuTswana	Aleut
BantuTswana	Tubalar
BantuTswana	Altaian
BantuTswana	Uyghur
BantuTswana	Eskimo
BantuTswana	Even
BantuTswana	Itelman
BantuTswana	Ulchi
BantuTswana	Yakut
BantuTswana	Oroqen
BantuTswana	Hezhen
BantuTswana	Daur
BantuTswana	Xibo
BantuTswana	Mongol
BantuTswana	Japanese
BantuTswana	Korean
BantuTswana	Hui
BantuTswana	Han
BantuTswana	Lahu
BantuTswana	Qiang
BantuTswana	Bai
BantuTswana	Jino
BantuTswana	Hani
BantuTswana	Achang
BantuTswana	Yi
BantuTswana	Naxi
BantuTswana	Tu
BantuTswana	Jingpo
BantuTswana	Ersu
BantuTswana	Pumi(N)
BantuTswana	Pumi
BantuTswana	Muya
BantuTswana	Namuyi
BantuTswana	Lisu
BantuTswana	Nu
BantuTswana	Derung
BantuTswana	Jiarong
BantuTswana	Luoba
BantuTswana	Monba
BantuTswana	Tibetan(SC)
BantuTswana	Tibetan
BantuTswana	Sherpa
BantuTswana	Cambodian
BantuTswana	Ami
BantuTswana	Atayal
BantuTswana	Dai
BantuTswana	Thai
BantuTswana	Kinh
BantuTswana	Tujia
BantuTswana	She
BantuTswana	Miao
Dinka	Gambian
Dinka	Yoruba
Dinka	Mende
Dinka	Mandenka
Dinka	Luo
Dinka	Luhya
Dinka	Esan
Dinka	Masai
Dinka	Somali
Dinka	Mozabite
Dinka	BedouinB
Dinka	Palestinian
Dinka	Jordanian
Dinka	Armenian
Dinka	Abkhasian
Dinka	Druze
Dinka	Georgian
Dinka	Iranian
Dinka	Adygei
Dinka	Lezgin
Dinka	Chechen
Dinka	North_Ossetian
Dinka	Greek
Dinka	Tuscan
Dinka	Bergamo
Dinka	Bulgarian
Dinka	Sardinian
Dinka	Spanish
Dinka	French
Dinka	Orcadian
Dinka	Basque
Dinka	Hungarian
Dinka	Icelandic
Dinka	English
Dinka	Estonian
Dinka	Finnish
Dinka	Russian
Dinka	Makrani
Dinka	Balochi
Dinka	Kalash
Dinka	Brahui
Dinka	Pathan
Dinka	Sindhi
Dinka	Punjabi
Dinka	Burusho
Dinka	Bengali
Dinka	Hazara
Dinka	Kusunda
Dinka	Bougainville
Dinka	Papuan
Dinka	Pima
Dinka	Zapotec
Dinka	Mayan
Dinka	Mixe
Dinka	Piapoco
Dinka	Karitiana
Dinka	Surui
Dinka	Tlingit
Dinka	Chukchi
Dinka	Mansi
Dinka	Aleut
Dinka	Tubalar
Dinka	Altaian
Dinka	Uyghur
Dinka	Eskimo
Dinka	Even
Dinka	Itelman
Dinka	Ulchi
Dinka	Yakut
Dinka	Oroqen
Dinka	Hezhen
Dinka	Daur
Dinka	Xibo
Dinka	Mongol
Dinka	Japanese
Dinka	Korean
Dinka	Hui
Dinka	Han
Dinka	Lahu
Dinka	Qiang
Dinka	Bai
Dinka	Jino
Dinka	Hani
Dinka	Achang
Dinka	Yi
Dinka	Naxi
Dinka	Tu
Dinka	Jingpo
Dinka	Ersu
Dinka	Pumi(N)
Dinka	Pumi
Dinka	Muya
Dinka	Namuyi
Dinka	Lisu
Dinka	Nu
Dinka	Derung
Dinka	Jiarong
Dinka	Luoba
Dinka	Monba
Dinka	Tibetan(SC)
Dinka	Tibetan
Dinka	Sherpa
Dinka	Cambodian
Dinka	Ami
Dinka	Atayal
Dinka	Dai
Dinka	Thai
Dinka	Kinh
Dinka	Tujia
Dinka	She
Dinka	Miao
Gambian	Yoruba
Gambian	Mende
Gambian	Mandenka
Gambian	Luo
Gambian	Luhya
Gambian	Esan
Gambian	Masai
Gambian	Somali
Gambian	Mozabite
Gambian	BedouinB
Gambian	Palestinian
Gambian	Jordanian
Gambian	Armenian
Gambian	Abkhasian
Gambian	Druze
Gambian	Georgian
Gambian	Iranian
Gambian	Adygei
Gambian	Lezgin
Gambian	Chechen
Gambian	North_Ossetian
Gambian	Greek
Gambian	Tuscan
Gambian	Bergamo
Gambian	Bulgarian
Gambian	Sardinian
Gambian	Spanish
Gambian	French
Gambian	Orcadian
Gambian	Basque
Gambian	Hungarian
Gambian	Icelandic
Gambian	English
Gambian	Estonian
Gambian	Finnish
Gambian	Russian
Gambian	Makrani
Gambian	Balochi
Gambian	Kalash
Gambian	Brahui
Gambian	Pathan
Gambian	Sindhi
Gambian	Punjabi
Gambian	Burusho
Gambian	Bengali
Gambian	Hazara
Gambian	Kusunda
Gambian	Bougainville
Gambian	Papuan
Gambian	Pima
Gambian	Zapotec
Gambian	Mayan
Gambian	Mixe
Gambian	Piapoco
Gambian	Karitiana
Gambian	Surui
Gambian	Tlingit
Gambian	Chukchi
Gambian	Mansi
Gambian	Aleut
Gambian	Tubalar
Gambian	Altaian
Gambian	Uyghur
Gambian	Eskimo
Gambian	Even
Gambian	Itelman
Gambian	Ulchi
Gambian	Yakut
Gambian	Oroqen
Gambian	Hezhen
Gambian	Daur
Gambian	Xibo
Gambian	Mongol
Gambian	Japanese
Gambian	Korean
Gambian	Hui
Gambian	Han
Gambian	Lahu
Gambian	Qiang
Gambian	Bai
Gambian	Jino
Gambian	Hani
Gambian	Achang
Gambian	Yi
Gambian	Naxi
Gambian	Tu
Gambian	Jingpo
Gambian	Ersu
Gambian	Pumi(N)
Gambian	Pumi
Gambian	Muya
Gambian	Namuyi
Gambian	Lisu
Gambian	Nu
Gambian	Derung
Gambian	Jiarong
Gambian	Luoba
Gambian	Monba
Gambian	Tibetan(SC)
Gambian	Tibetan
Gambian	Sherpa
Gambian	Cambodian
Gambian	Ami
Gambian	Atayal
Gambian	Dai
Gambian	Thai
Gambian	Kinh
Gambian	Tujia
Gambian	She
Gambian	Miao
Yoruba	Mende
Yoruba	Mandenka
Yoruba	Luo
Yoruba	Luhya
Yoruba	Esan
Yoruba	Masai
Yoruba	Somali
Yoruba	Mozabite
Yoruba	BedouinB
Yoruba	Palestinian
Yoruba	Jordanian
Yoruba	Armenian
Yoruba	Abkhasian
Yoruba	Druze
Yoruba	Georgian
Yoruba	Iranian
Yoruba	Adygei
Yoruba	Lezgin
Yoruba	Chechen
Yoruba	North_Ossetian
Yoruba	Greek
Yoruba	Tuscan
Yoruba	Bergamo
Yoruba	Bulgarian
Yoruba	Sardinian
Yoruba	Spanish
Yoruba	French
Yoruba	Orcadian
Yoruba	Basque
Yoruba	Hungarian
Yoruba	Icelandic
Yoruba	English
Yoruba	Estonian
Yoruba	Finnish
Yoruba	Russian
Yoruba	Makrani
Yoruba	Balochi
Yoruba	Kalash
Yoruba	Brahui
Yoruba	Pathan
Yoruba	Sindhi
Yoruba	Punjabi
Yoruba	Burusho
Yoruba	Bengali
Yoruba	Hazara
Yoruba	Kusunda
Yoruba	Bougainville
Yoruba	Papuan
Yoruba	Pima
Yoruba	Zapotec
Yoruba	Mayan
Yoruba	Mixe
Yoruba	Piapoco
Yoruba	Karitiana
Yoruba	Surui
Yoruba	Tlingit
Yoruba	Chukchi
Yoruba	Mansi
Yoruba	Aleut
Yoruba	Tubalar
Yoruba	Altaian
Yoruba	Uyghur
Yoruba	Eskimo
Yoruba	Even
Yoruba	Itelman
Yoruba	Ulchi
Yoruba	Yakut
Yoruba	Oroqen
Yoruba	Hezhen
Yoruba	Daur
Yoruba	Xibo
Yoruba	Mongol
Yoruba	Japanese
Yoruba	Korean
Yoruba	Hui
Yoruba	Han
Yoruba	Lahu
Yoruba	Qiang
Yoruba	Bai
Yoruba	Jino
Yoruba	Hani
Yoruba	Achang
Yoruba	Yi
Yoruba	Naxi
Yoruba	Tu
Yoruba	Jingpo
Yoruba	Ersu
Yoruba	Pumi(N)
Yoruba	Pumi
Yoruba	Muya
Yoruba	Namuyi
Yoruba	Lisu
Yoruba	Nu
Yoruba	Derung
Yoruba	Jiarong
Yoruba	Luoba
Yoruba	Monba
Yoruba	Tibetan(SC)
Yoruba	Tibetan
Yoruba	Sherpa
Yoruba	Cambodian
Yoruba	Ami
Yoruba	Atayal
Yoruba	Dai
Yoruba	Thai
Yoruba	Kinh
Yoruba	Tujia
Yoruba	She
Yoruba	Miao
Mende	Mandenka
Mende	Luo
Mende	Luhya
Mende	Esan
Mende	Masai
Mende	Somali
Mende	Mozabite
Mende	BedouinB
Mende	Palestinian
Mende	Jordanian
Mende	Armenian
Mende	Abkhasian
Mende	Druze
Mende	Georgian
Mende	Iranian
Mende	Adygei
Mende	Lezgin
Mende	Chechen
Mende	North_Ossetian
Mende	Greek
Mende	Tuscan
Mende	Bergamo
Mende	Bulgarian
Mende	Sardinian
Mende	Spanish
Mende	French
Mende	Orcadian
Mende	Basque
Mende	Hungarian
Mende	Icelandic
Mende	English
Mende	Estonian
Mende	Finnish
Mende	Russian
Mende	Makrani
Mende	Balochi
Mende	Kalash
Mende	Brahui
Mende	Pathan
Mende	Sindhi
Mende	Punjabi
Mende	Burusho
Mende	Bengali
Mende	Hazara
Mende	Kusunda
Mende	Bougainville
Mende	Papuan
Mende	Pima
Mende	Zapotec
Mende	Mayan
Mende	Mixe
Mende	Piapoco
Mende	Karitiana
Mende	Surui
Mende	Tlingit
Mende	Chukchi
Mende	Mansi
Mende	Aleut
Mende	Tubalar
Mende	Altaian
Mende	Uyghur
Mende	Eskimo
Mende	Even
Mende	Itelman
Mende	Ulchi
Mende	Yakut
Mende	Oroqen
Mende	Hezhen
Mende	Daur
Mende	Xibo
Mende	Mongol
Mende	Japanese
Mende	Korean
Mende	Hui
Mende	Han
Mende	Lahu
Mende	Qiang
Mende	Bai
Mende	Jino
Mende	Hani
Mende	Achang
Mende	Yi
Mende	Naxi
Mende	Tu
Mende	Jingpo
Mende	Ersu
Mende	Pumi(N)
Mende	Pumi
Mende	Muya
Mende	Namuyi
Mende	Lisu
Mende	Nu
Mende	Derung
Mende	Jiarong
Mende	Luoba
Mende	Monba
Mende	Tibetan(SC)
Mende	Tibetan
Mende	Sherpa
Mende	Cambodian
Mende	Ami
Mende	Atayal
Mende	Dai
Mende	Thai
Mende	Kinh
Mende	Tujia
Mende	She
Mende	Miao
Mandenka	Luo
Mandenka	Luhya
Mandenka	Esan
Mandenka	Masai
Mandenka	Somali
Mandenka	Mozabite
Mandenka	BedouinB
Mandenka	Palestinian
Mandenka	Jordanian
Mandenka	Armenian
Mandenka	Abkhasian
Mandenka	Druze
Mandenka	Georgian
Mandenka	Iranian
Mandenka	Adygei
Mandenka	Lezgin
Mandenka	Chechen
Mandenka	North_Ossetian
Mandenka	Greek
Mandenka	Tuscan
Mandenka	Bergamo
Mandenka	Bulgarian
Mandenka	Sardinian
Mandenka	Spanish
Mandenka	French
Mandenka	Orcadian
Mandenka	Basque
Mandenka	Hungarian
Mandenka	Icelandic
Mandenka	English
Mandenka	Estonian
Mandenka	Finnish
Mandenka	Russian
Mandenka	Makrani
Mandenka	Balochi
Mandenka	Kalash
Mandenka	Brahui
Mandenka	Pathan
Mandenka	Sindhi
Mandenka	Punjabi
Mandenka	Burusho
Mandenka	Bengali
Mandenka	Hazara
Mandenka	Kusunda
Mandenka	Bougainville
Mandenka	Papuan
Mandenka	Pima
Mandenka	Zapotec
Mandenka	Mayan
Mandenka	Mixe
Mandenka	Piapoco
Mandenka	Karitiana
Mandenka	Surui
Mandenka	Tlingit
Mandenka	Chukchi
Mandenka	Mansi
Mandenka	Aleut
Mandenka	Tubalar
Mandenka	Altaian
Mandenka	Uyghur
Mandenka	Eskimo
Mandenka	Even
Mandenka	Itelman
Mandenka	Ulchi
Mandenka	Yakut
Mandenka	Oroqen
Mandenka	Hezhen
Mandenka	Daur
Mandenka	Xibo
Mandenka	Mongol
Mandenka	Japanese
Mandenka	Korean
Mandenka	Hui
Mandenka	Han
Mandenka	Lahu
Mandenka	Qiang
Mandenka	Bai
Mandenka	Jino
Mandenka	Hani
Mandenka	Achang
Mandenka	Yi
Mandenka	Naxi
Mandenka	Tu
Mandenka	Jingpo
Mandenka	Ersu
Mandenka	Pumi(N)
Mandenka	Pumi
Mandenka	Muya
Mandenka	Namuyi
Mandenka	Lisu
Mandenka	Nu
Mandenka	Derung
Mandenka	Jiarong
Mandenka	Luoba
Mandenka	Monba
Mandenka	Tibetan(SC)
Mandenka	Tibetan
Mandenka	Sherpa
Mandenka	Cambodian
Mandenka	Ami
Mandenka	Atayal
Mandenka	Dai
Mandenka	Thai
Mandenka	Kinh
Mandenka	Tujia
Mandenka	She
Mandenka	Miao
Luo	Luhya
Luo	Esan
Luo	Masai
Luo	Somali
Luo	Mozabite
Luo	BedouinB
Luo	Palestinian
Luo	Jordanian
Luo	Armenian
Luo	Abkhasian
Luo	Druze
Luo	Georgian
Luo	Iranian
Luo	Adygei
Luo	Lezgin
Luo	Chechen
Luo	North_Ossetian
Luo	Greek
Luo	Tuscan
Luo	Bergamo
Luo	Bulgarian
Luo	Sardinian
Luo	Spanish
Luo	French
Luo	Orcadian
Luo	Basque
Luo	Hungarian
Luo	Icelandic
Luo	English
Luo	Estonian
Luo	Finnish
Luo	Russian
Luo	Makrani
Luo	Balochi
Luo	Kalash
Luo	Brahui
Luo	Pathan
Luo	Sindhi
Luo	Punjabi
Luo	Burusho
Luo	Bengali
Luo	Hazara
Luo	Kusunda
Luo	Bougainville
Luo	Papuan
Luo	Pima
Luo	Zapotec
Luo	Mayan
Luo	Mixe
Luo	Piapoco
Luo	Karitiana
Luo	Surui
Luo	Tlingit
Luo	Chukchi
Luo	Mansi
Luo	Aleut
Luo	Tubalar
Luo	Altaian
Luo	Uyghur
Luo	Eskimo
Luo	Even
Luo	Itelman
Luo	Ulchi
Luo	Yakut
Luo	Oroqen
Luo	Hezhen
Luo	Daur
Luo	Xibo
Luo	Mongol
Luo	Japanese
Luo	Korean
Luo	Hui
Luo	Han
Luo	Lahu
Luo	Qiang
Luo	Bai
Luo	Jino
Luo	Hani
Luo	Achang
Luo	Yi
Luo	Naxi
Luo	Tu
Luo	Jingpo
Luo	Ersu
Luo	Pumi(N)
Luo	Pumi
Luo	Muya
Luo	Namuyi
Luo	Lisu
Luo	Nu
Luo	Derung
Luo	Jiarong
Luo	Luoba
Luo	Monba
Luo	Tibetan(SC)
Luo	Tibetan
Luo	Sherpa
Luo	Cambodian
Luo	Ami
Luo	Atayal
Luo	Dai
Luo	Thai
Luo	Kinh
Luo	Tujia
Luo	She
Luo	Miao
Luhya	Esan
Luhya	Masai
Luhya	Somali
Luhya	Mozabite
Luhya	BedouinB
Luhya	Palestinian
Luhya	Jordanian
Luhya	Armenian
Luhya	Abkhasian
Luhya	Druze
Luhya	Georgian
Luhya	Iranian
Luhya	Adygei
Luhya	Lezgin
Luhya	Chechen
Luhya	North_Ossetian
Luhya	Greek
Luhya	Tuscan
Luhya	Bergamo
Luhya	Bulgarian
Luhya	Sardinian
Luhya	Spanish
Luhya	French
Luhya	Orcadian
Luhya	Basque
Luhya	Hungarian
Luhya	Icelandic
Luhya	English
Luhya	Estonian
Luhya	Finnish
Luhya	Russian
Luhya	Makrani
Luhya	Balochi
Luhya	Kalash
Luhya	Brahui
Luhya	Pathan
Luhya	Sindhi
Luhya	Punjabi
Luhya	Burusho
Luhya	Bengali
Luhya	Hazara
Luhya	Kusunda
Luhya	Bougainville
Luhya	Papuan
Luhya	Pima
Luhya	Zapotec
Luhya	Mayan
Luhya	Mixe
Luhya	Piapoco
Luhya	Karitiana
Luhya	Surui
Luhya	Tlingit
Luhya	Chukchi
Luhya	Mansi
Luhya	Aleut
Luhya	Tubalar
Luhya	Altaian
Luhya	Uyghur
Luhya	Eskimo
Luhya	Even
Luhya	Itelman
Luhya	Ulchi
Luhya	Yakut
Luhya	Oroqen
Luhya	Hezhen
Luhya	Daur
Luhya	Xibo
Luhya	Mongol
Luhya	Japanese
Luhya	Korean
Luhya	Hui
Luhya	Han
Luhya	Lahu
Luhya	Qiang
Luhya	Bai
Luhya	Jino
Luhya	Hani
Luhya	Achang
Luhya	Yi
Luhya	Naxi
Luhya	Tu
Luhya	Jingpo
Luhya	Ersu
Luhya	Pumi(N)
Luhya	Pumi
Luhya	Muya
Luhya	Namuyi
Luhya	Lisu
Luhya	Nu
Luhya	Derung
Luhya	Jiarong
Luhya	Luoba
Luhya	Monba
Luhya	Tibetan(SC)
Luhya	Tibetan
Luhya	Sherpa
Luhya	Cambodian
Luhya	Ami
Luhya	Atayal
Luhya	Dai
Luhya	Thai
Luhya	Kinh
Luhya	Tujia
Luhya	She
Luhya	Miao
Esan	Masai
Esan	Somali
Esan	Mozabite
Esan	BedouinB
Esan	Palestinian
Esan	Jordanian
Esan	Armenian
Esan	Abkhasian
Esan	Druze
Esan	Georgian
Esan	Iranian
Esan	Adygei
Esan	Lezgin
Esan	Chechen
Esan	North_Ossetian
Esan	Greek
Esan	Tuscan
Esan	Bergamo
Esan	Bulgarian
Esan	Sardinian
Esan	Spanish
Esan	French
Esan	Orcadian
Esan	Basque
Esan	Hungarian
Esan	Icelandic
Esan	English
Esan	Estonian
Esan	Finnish
Esan	Russian
Esan	Makrani
Esan	Balochi
Esan	Kalash
Esan	Brahui
Esan	Pathan
Esan	Sindhi
Esan	Punjabi
Esan	Burusho
Esan	Bengali
Esan	Hazara
Esan	Kusunda
Esan	Bougainville
Esan	Papuan
Esan	Pima
Esan	Zapotec
Esan	Mayan
Esan	Mixe
Esan	Piapoco
Esan	Karitiana
Esan	Surui
Esan	Tlingit
Esan	Chukchi
Esan	Mansi
Esan	Aleut
Esan	Tubalar
Esan	Altaian
Esan	Uyghur
Esan	Eskimo
Esan	Even
Esan	Itelman
Esan	Ulchi
Esan	Yakut
Esan	Oroqen
Esan	Hezhen
Esan	Daur
Esan	Xibo
Esan	Mongol
Esan	Japanese
Esan	Korean
Esan	Hui
Esan	Han
Esan	Lahu
Esan	Qiang
Esan	Bai
Esan	Jino
Esan	Hani
Esan	Achang
Esan	Yi
Esan	Naxi
Esan	Tu
Esan	Jingpo
Esan	Ersu
Esan	Pumi(N)
Esan	Pumi
Esan	Muya
Esan	Namuyi
Esan	Lisu
Esan	Nu
Esan	Derung
Esan	Jiarong
Esan	Luoba
Esan	Monba
Esan	Tibetan(SC)
Esan	Tibetan
Esan	Sherpa
Esan	Cambodian
Esan	Ami
Esan	Atayal
Esan	Dai
Esan	Thai
Esan	Kinh
Esan	Tujia
Esan	She
Esan	Miao
Masai	Somali
Masai	Mozabite
Masai	BedouinB
Masai	Palestinian
Masai	Jordanian
Masai	Armenian
Masai	Abkhasian
Masai	Druze
Masai	Georgian
Masai	Iranian
Masai	Adygei
Masai	Lezgin
Masai	Chechen
Masai	North_Ossetian
Masai	Greek
Masai	Tuscan
Masai	Bergamo
Masai	Bulgarian
Masai	Sardinian
Masai	Spanish
Masai	French
Masai	Orcadian
Masai	Basque
Masai	Hungarian
Masai	Icelandic
Masai	English
Masai	Estonian
Masai	Finnish
Masai	Russian
Masai	Makrani
Masai	Balochi
Masai	Kalash
Masai	Brahui
Masai	Pathan
Masai	Sindhi
Masai	Punjabi
Masai	Burusho
Masai	Bengali
Masai	Hazara
Masai	Kusunda
Masai	Bougainville
Masai	Papuan
Masai	Pima
Masai	Zapotec
Masai	Mayan
Masai	Mixe
Masai	Piapoco
Masai	Karitiana
Masai	Surui
Masai	Tlingit
Masai	Chukchi
Masai	Mansi
Masai	Aleut
Masai	Tubalar
Masai	Altaian
Masai	Uyghur
Masai	Eskimo
Masai	Even
Masai	Itelman
Masai	Ulchi
Masai	Yakut
Masai	Oroqen
Masai	Hezhen
Masai	Daur
Masai	Xibo
Masai	Mongol
Masai	Japanese
Masai	Korean
Masai	Hui
Masai	Han
Masai	Lahu
Masai	Qiang
Masai	Bai
Masai	Jino
Masai	Hani
Masai	Achang
Masai	Yi
Masai	Naxi
Masai	Tu
Masai	Jingpo
Masai	Ersu
Masai	Pumi(N)
Masai	Pumi
Masai	Muya
Masai	Namuyi
Masai	Lisu
Masai	Nu
Masai	Derung
Masai	Jiarong
Masai	Luoba
Masai	Monba
Masai	Tibetan(SC)
Masai	Tibetan
Masai	Sherpa
Masai	Cambodian
Masai	Ami
Masai	Atayal
Masai	Dai
Masai	Thai
Masai	Kinh
Masai	Tujia
Masai	She
Masai	Miao
Somali	Mozabite
Somali	BedouinB
Somali	Palestinian
Somali	Jordanian
Somali	Armenian
Somali	Abkhasian
Somali	Druze
Somali	Georgian
Somali	Iranian
Somali	Adygei
Somali	Lezgin
Somali	Chechen
Somali	North_Ossetian
Somali	Greek
Somali	Tuscan
Somali	Bergamo
Somali	Bulgarian
Somali	Sardinian
Somali	Spanish
Somali	French
Somali	Orcadian
Somali	Basque
Somali	Hungarian
Somali	Icelandic
Somali	English
Somali	Estonian
Somali	Finnish
Somali	Russian
Somali	Makrani
Somali	Balochi
Somali	Kalash
Somali	Brahui
Somali	Pathan
Somali	Sindhi
Somali	Punjabi
Somali	Burusho
Somali	Bengali
Somali	Hazara
Somali	Kusunda
Somali	Bougainville
Somali	Papuan
Somali	Pima
Somali	Zapotec
Somali	Mayan
Somali	Mixe
Somali	Piapoco
Somali	Karitiana
Somali	Surui
Somali	Tlingit
Somali	Chukchi
Somali	Mansi
Somali	Aleut
Somali	Tubalar
Somali	Altaian
Somali	Uyghur
Somali	Eskimo
Somali	Even
Somali	Itelman
Somali	Ulchi
Somali	Yakut
Somali	Oroqen
Somali	Hezhen
Somali	Daur
Somali	Xibo
Somali	Mongol
Somali	Japanese
Somali	Korean
Somali	Hui
Somali	Han
Somali	Lahu
Somali	Qiang
Somali	Bai
Somali	Jino
Somali	Hani
Somali	Achang
Somali	Yi
Somali	Naxi
Somali	Tu
Somali	Jingpo
Somali	Ersu
Somali	Pumi(N)
Somali	Pumi
Somali	Muya
Somali	Namuyi
Somali	Lisu
Somali	Nu
Somali	Derung
Somali	Jiarong
Somali	Luoba
Somali	Monba
Somali	Tibetan(SC)
Somali	Tibetan
Somali	Sherpa
Somali	Cambodian
Somali	Ami
Somali	Atayal
Somali	Dai
Somali	Thai
Somali	Kinh
Somali	Tujia
Somali	She
Somali	Miao
Mozabite	BedouinB
Mozabite	Palestinian
Mozabite	Jordanian
Mozabite	Armenian
Mozabite	Abkhasian
Mozabite	Druze
Mozabite	Georgian
Mozabite	Iranian
Mozabite	Adygei
Mozabite	Lezgin
Mozabite	Chechen
Mozabite	North_Ossetian
Mozabite	Greek
Mozabite	Tuscan
Mozabite	Bergamo
Mozabite	Bulgarian
Mozabite	Sardinian
Mozabite	Spanish
Mozabite	French
Mozabite	Orcadian
Mozabite	Basque
Mozabite	Hungarian
Mozabite	Icelandic
Mozabite	English
Mozabite	Estonian
Mozabite	Finnish
Mozabite	Russian
Mozabite	Makrani
Mozabite	Balochi
Mozabite	Kalash
Mozabite	Brahui
Mozabite	Pathan
Mozabite	Sindhi
Mozabite	Punjabi
Mozabite	Burusho
Mozabite	Bengali
Mozabite	Hazara
Mozabite	Kusunda
Mozabite	Bougainville
Mozabite	Papuan
Mozabite	Pima
Mozabite	Zapotec
Mozabite	Mayan
Mozabite	Mixe
Mozabite	Piapoco
Mozabite	Karitiana
Mozabite	Surui
Mozabite	Tlingit
Mozabite	Chukchi
Mozabite	Mansi
Mozabite	Aleut
Mozabite	Tubalar
Mozabite	Altaian
Mozabite	Uyghur
Mozabite	Eskimo
Mozabite	Even
Mozabite	Itelman
Mozabite	Ulchi
Mozabite	Yakut
Mozabite	Oroqen
Mozabite	Hezhen
Mozabite	Daur
Mozabite	Xibo
Mozabite	Mongol
Mozabite	Japanese
Mozabite	Korean
Mozabite	Hui
Mozabite	Han
Mozabite	Lahu
Mozabite	Qiang
Mozabite	Bai
Mozabite	Jino
Mozabite	Hani
Mozabite	Achang
Mozabite	Yi
Mozabite	Naxi
Mozabite	Tu
Mozabite	Jingpo
Mozabite	Ersu
Mozabite	Pumi(N)
Mozabite	Pumi
Mozabite	Muya
Mozabite	Namuyi
Mozabite	Lisu
Mozabite	Nu
Mozabite	Derung
Mozabite	Jiarong
Mozabite	Luoba
Mozabite	Monba
Mozabite	Tibetan(SC)
Mozabite	Tibetan
Mozabite	Sherpa
Mozabite	Cambodian
Mozabite	Ami
Mozabite	Atayal
Mozabite	Dai
Mozabite	Thai
Mozabite	Kinh
Mozabite	Tujia
Mozabite	She
Mozabite	Miao
BedouinB	Palestinian
BedouinB	Jordanian
BedouinB	Armenian
BedouinB	Abkhasian
BedouinB	Druze
BedouinB	Georgian
BedouinB	Iranian
BedouinB	Adygei
BedouinB	Lezgin
BedouinB	Chechen
BedouinB	North_Ossetian
BedouinB	Greek
BedouinB	Tuscan
BedouinB	Bergamo
BedouinB	Bulgarian
BedouinB	Sardinian
BedouinB	Spanish
BedouinB	French
BedouinB	Orcadian
BedouinB	Basque
BedouinB	Hungarian
BedouinB	Icelandic
BedouinB	English
BedouinB	Estonian
BedouinB	Finnish
BedouinB	Russian
BedouinB	Makrani
BedouinB	Balochi
BedouinB	Kalash
BedouinB	Brahui
BedouinB	Pathan
BedouinB	Sindhi
BedouinB	Punjabi
BedouinB	Burusho
BedouinB	Bengali
BedouinB	Hazara
BedouinB	Kusunda
BedouinB	Bougainville
BedouinB	Papuan
BedouinB	Pima
BedouinB	Zapotec
BedouinB	Mayan
BedouinB	Mixe
BedouinB	Piapoco
BedouinB	Karitiana
BedouinB	Surui
BedouinB	Tlingit
BedouinB	Chukchi
BedouinB	Mansi
BedouinB	Aleut
BedouinB	Tubalar
BedouinB	Altaian
BedouinB	Uyghur
BedouinB	Eskimo
BedouinB	Even
BedouinB	Itelman
BedouinB	Ulchi
BedouinB	Yakut
BedouinB	Oroqen
BedouinB	Hezhen
BedouinB	Daur
BedouinB	Xibo
BedouinB	Mongol
BedouinB	Japanese
BedouinB	Korean
BedouinB	Hui
BedouinB	Han
BedouinB	Lahu
BedouinB	Qiang
BedouinB	Bai
BedouinB	Jino
BedouinB	Hani
BedouinB	Achang
BedouinB	Yi
BedouinB	Naxi
BedouinB	Tu
BedouinB	Jingpo
BedouinB	Ersu
BedouinB	Pumi(N)
BedouinB	Pumi
BedouinB	Muya
BedouinB	Namuyi
BedouinB	Lisu
BedouinB	Nu
BedouinB	Derung
BedouinB	Jiarong
BedouinB	Luoba
BedouinB	Monba
BedouinB	Tibetan(SC)
BedouinB	Tibetan
BedouinB	Sherpa
BedouinB	Cambodian
BedouinB	Ami
BedouinB	Atayal
BedouinB	Dai
BedouinB	Thai
BedouinB	Kinh
BedouinB	Tujia
BedouinB	She
BedouinB	Miao
Palestinian	Jordanian
Palestinian	Armenian
Palestinian	Abkhasian
Palestinian	Druze
Palestinian	Georgian
Palestinian	Iranian
Palestinian	Adygei
Palestinian	Lezgin
Palestinian	Chechen
Palestinian	North_Ossetian
Palestinian	Greek
Palestinian	Tuscan
Palestinian	Bergamo
Palestinian	Bulgarian
Palestinian	Sardinian
Palestinian	Spanish
Palestinian	French
Palestinian	Orcadian
Palestinian	Basque
Palestinian	Hungarian
Palestinian	Icelandic
Palestinian	English
Palestinian	Estonian
Palestinian	Finnish
Palestinian	Russian
Palestinian	Makrani
Palestinian	Balochi
Palestinian	Kalash
Palestinian	Brahui
Palestinian	Pathan
Palestinian	Sindhi
Palestinian	Punjabi
Palestinian	Burusho
Palestinian	Bengali
Palestinian	Hazara
Palestinian	Kusunda
Palestinian	Bougainville
Palestinian	Papuan
Palestinian	Pima
Palestinian	Zapotec
Palestinian	Mayan
Palestinian	Mixe
Palestinian	Piapoco
Palestinian	Karitiana
Palestinian	Surui
Palestinian	Tlingit
Palestinian	Chukchi
Palestinian	Mansi
Palestinian	Aleut
Palestinian	Tubalar
Palestinian	Altaian
Palestinian	Uyghur
Palestinian	Eskimo
Palestinian	Even
Palestinian	Itelman
Palestinian	Ulchi
Palestinian	Yakut
Palestinian	Oroqen
Palestinian	Hezhen
Palestinian	Daur
Palestinian	Xibo
Palestinian	Mongol
Palestinian	Japanese
Palestinian	Korean
Palestinian	Hui
Palestinian	Han
Palestinian	Lahu
Palestinian	Qiang
Palestinian	Bai
Palestinian	Jino
Palestinian	Hani
Palestinian	Achang
Palestinian	Yi
Palestinian	Naxi
Palestinian	Tu
Palestinian	Jingpo
Palestinian	Ersu
Palestinian	Pumi(N)
Palestinian	Pumi
Palestinian	Muya
Palestinian	Namuyi
Palestinian	Lisu
Palestinian	Nu
Palestinian	Derung
Palestinian	Jiarong
Palestinian	Luoba
Palestinian	Monba
Palestinian	Tibetan(SC)
Palestinian	Tibetan
Palestinian	Sherpa
Palestinian	Cambodian
Palestinian	Ami
Palestinian	Atayal
Palestinian	Dai
Palestinian	Thai
Palestinian	Kinh
Palestinian	Tujia
Palestinian	She
Palestinian	Miao
Jordanian	Armenian
Jordanian	Abkhasian
Jordanian	Druze
Jordanian	Georgian
Jordanian	Iranian
Jordanian	Adygei
Jordanian	Lezgin
Jordanian	Chechen
Jordanian	North_Ossetian
Jordanian	Greek
Jordanian	Tuscan
Jordanian	Bergamo
Jordanian	Bulgarian
Jordanian	Sardinian
Jordanian	Spanish
Jordanian	French
Jordanian	Orcadian
Jordanian	Basque
Jordanian	Hungarian
Jordanian	Icelandic
Jordanian	English
Jordanian	Estonian
Jordanian	Finnish
Jordanian	Russian
Jordanian	Makrani
Jordanian	Balochi
Jordanian	Kalash
Jordanian	Brahui
Jordanian	Pathan
Jordanian	Sindhi
Jordanian	Punjabi
Jordanian	Burusho
Jordanian	Bengali
Jordanian	Hazara
Jordanian	Kusunda
Jordanian	Bougainville
Jordanian	Papuan
Jordanian	Pima
Jordanian	Zapotec
Jordanian	Mayan
Jordanian	Mixe
Jordanian	Piapoco
Jordanian	Karitiana
Jordanian	Surui
Jordanian	Tlingit
Jordanian	Chukchi
Jordanian	Mansi
Jordanian	Aleut
Jordanian	Tubalar
Jordanian	Altaian
Jordanian	Uyghur
Jordanian	Eskimo
Jordanian	Even
Jordanian	Itelman
Jordanian	Ulchi
Jordanian	Yakut
Jordanian	Oroqen
Jordanian	Hezhen
Jordanian	Daur
Jordanian	Xibo
Jordanian	Mongol
Jordanian	Japanese
Jordanian	Korean
Jordanian	Hui
Jordanian	Han
Jordanian	Lahu
Jordanian	Qiang
Jordanian	Bai
Jordanian	Jino
Jordanian	Hani
Jordanian	Achang
Jordanian	Yi
Jordanian	Naxi
Jordanian	Tu
Jordanian	Jingpo
Jordanian	Ersu
Jordanian	Pumi(N)
Jordanian	Pumi
Jordanian	Muya
Jordanian	Namuyi
Jordanian	Lisu
Jordanian	Nu
Jordanian	Derung
Jordanian	Jiarong
Jordanian	Luoba
Jordanian	Monba
Jordanian	Tibetan(SC)
Jordanian	Tibetan
Jordanian	Sherpa
Jordanian	Cambodian
Jordanian	Ami
Jordanian	Atayal
Jordanian	Dai
Jordanian	Thai
Jordanian	Kinh
Jordanian	Tujia
Jordanian	She
Jordanian	Miao
Armenian	Abkhasian
Armenian	Druze
Armenian	Georgian
Armenian	Iranian
Armenian	Adygei
Armenian	Lezgin
Armenian	Chechen
Armenian	North_Ossetian
Armenian	Greek
Armenian	Tuscan
Armenian	Bergamo
Armenian	Bulgarian
Armenian	Sardinian
Armenian	Spanish
Armenian	French
Armenian	Orcadian
Armenian	Basque
Armenian	Hungarian
Armenian	Icelandic
Armenian	English
Armenian	Estonian
Armenian	Finnish
Armenian	Russian
Armenian	Makrani
Armenian	Balochi
Armenian	Kalash
Armenian	Brahui
Armenian	Pathan
Armenian	Sindhi
Armenian	Punjabi
Armenian	Burusho
Armenian	Bengali
Armenian	Hazara
Armenian	Kusunda
Armenian	Bougainville
Armenian	Papuan
Armenian	Pima
Armenian	Zapotec
Armenian	Mayan
Armenian	Mixe
Armenian	Piapoco
Armenian	Karitiana
Armenian	Surui
Armenian	Tlingit
Armenian	Chukchi
Armenian	Mansi
Armenian	Aleut
Armenian	Tubalar
Armenian	Altaian
Armenian	Uyghur
Armenian	Eskimo
Armenian	Even
Armenian	Itelman
Armenian	Ulchi
Armenian	Yakut
Armenian	Oroqen
Armenian	Hezhen
Armenian	Daur
Armenian	Xibo
Armenian	Mongol
Armenian	Japanese
Armenian	Korean
Armenian	Hui
Armenian	Han
Armenian	Lahu
Armenian	Qiang
Armenian	Bai
Armenian	Jino
Armenian	Hani
Armenian	Achang
Armenian	Yi
Armenian	Naxi
Armenian	Tu
Armenian	Jingpo
Armenian	Ersu
Armenian	Pumi(N)
Armenian	Pumi
Armenian	Muya
Armenian	Namuyi
Armenian	Lisu
Armenian	Nu
Armenian	Derung
Armenian	Jiarong
Armenian	Luoba
Armenian	Monba
Armenian	Tibetan(SC)
Armenian	Tibetan
Armenian	Sherpa
Armenian	Cambodian
Armenian	Ami
Armenian	Atayal
Armenian	Dai
Armenian	Thai
Armenian	Kinh
Armenian	Tujia
Armenian	She
Armenian	Miao
Abkhasian	Druze
Abkhasian	Georgian
Abkhasian	Iranian
Abkhasian	Adygei
Abkhasian	Lezgin
Abkhasian	Chechen
Abkhasian	North_Ossetian
Abkhasian	Greek
Abkhasian	Tuscan
Abkhasian	Bergamo
Abkhasian	Bulgarian
Abkhasian	Sardinian
Abkhasian	Spanish
Abkhasian	French
Abkhasian	Orcadian
Abkhasian	Basque
Abkhasian	Hungarian
Abkhasian	Icelandic
Abkhasian	English
Abkhasian	Estonian
Abkhasian	Finnish
Abkhasian	Russian
Abkhasian	Makrani
Abkhasian	Balochi
Abkhasian	Kalash
Abkhasian	Brahui
Abkhasian	Pathan
Abkhasian	Sindhi
Abkhasian	Punjabi
Abkhasian	Burusho
Abkhasian	Bengali
Abkhasian	Hazara
Abkhasian	Kusunda
Abkhasian	Bougainville
Abkhasian	Papuan
Abkhasian	Pima
Abkhasian	Zapotec
Abkhasian	Mayan
Abkhasian	Mixe
Abkhasian	Piapoco
Abkhasian	Karitiana
Abkhasian	Surui
Abkhasian	Tlingit
Abkhasian	Chukchi
Abkhasian	Mansi
Abkhasian	Aleut
Abkhasian	Tubalar
Abkhasian	Altaian
Abkhasian	Uyghur
Abkhasian	Eskimo
Abkhasian	Even
Abkhasian	Itelman
Abkhasian	Ulchi
Abkhasian	Yakut
Abkhasian	Oroqen
Abkhasian	Hezhen
Abkhasian	Daur
Abkhasian	Xibo
Abkhasian	Mongol
Abkhasian	Japanese
Abkhasian	Korean
Abkhasian	Hui
Abkhasian	Han
Abkhasian	Lahu
Abkhasian	Qiang
Abkhasian	Bai
Abkhasian	Jino
Abkhasian	Hani
Abkhasian	Achang
Abkhasian	Yi
Abkhasian	Naxi
Abkhasian	Tu
Abkhasian	Jingpo
Abkhasian	Ersu
Abkhasian	Pumi(N)
Abkhasian	Pumi
Abkhasian	Muya
Abkhasian	Namuyi
Abkhasian	Lisu
Abkhasian	Nu
Abkhasian	Derung
Abkhasian	Jiarong
Abkhasian	Luoba
Abkhasian	Monba
Abkhasian	Tibetan(SC)
Abkhasian	Tibetan
Abkhasian	Sherpa
Abkhasian	Cambodian
Abkhasian	Ami
Abkhasian	Atayal
Abkhasian	Dai
Abkhasian	Thai
Abkhasian	Kinh
Abkhasian	Tujia
Abkhasian	She
Abkhasian	Miao
Druze	Georgian
Druze	Iranian
Druze	Adygei
Druze	Lezgin
Druze	Chechen
Druze	North_Ossetian
Druze	Greek
Druze	Tuscan
Druze	Bergamo
Druze	Bulgarian
Druze	Sardinian
Druze	Spanish
Druze	French
Druze	Orcadian
Druze	Basque
Druze	Hungarian
Druze	Icelandic
Druze	English
Druze	Estonian
Druze	Finnish
Druze	Russian
Druze	Makrani
Druze	Balochi
Druze	Kalash
Druze	Brahui
Druze	Pathan
Druze	Sindhi
Druze	Punjabi
Druze	Burusho
Druze	Bengali
Druze	Hazara
Druze	Kusunda
Druze	Bougainville
Druze	Papuan
Druze	Pima
Druze	Zapotec
Druze	Mayan
Druze	Mixe
Druze	Piapoco
Druze	Karitiana
Druze	Surui
Druze	Tlingit
Druze	Chukchi
Druze	Mansi
Druze	Aleut
Druze	Tubalar
Druze	Altaian
Druze	Uyghur
Druze	Eskimo
Druze	Even
Druze	Itelman
Druze	Ulchi
Druze	Yakut
Druze	Oroqen
Druze	Hezhen
Druze	Daur
Druze	Xibo
Druze	Mongol
Druze	Japanese
Druze	Korean
Druze	Hui
Druze	Han
Druze	Lahu
Druze	Qiang
Druze	Bai
Druze	Jino
Druze	Hani
Druze	Achang
Druze	Yi
Druze	Naxi
Druze	Tu
Druze	Jingpo
Druze	Ersu
Druze	Pumi(N)
Druze	Pumi
Druze	Muya
Druze	Namuyi
Druze	Lisu
Druze	Nu
Druze	Derung
Druze	Jiarong
Druze	Luoba
Druze	Monba
Druze	Tibetan(SC)
Druze	Tibetan
Druze	Sherpa
Druze	Cambodian
Druze	Ami
Druze	Atayal
Druze	Dai
Druze	Thai
Druze	Kinh
Druze	Tujia
Druze	She
Druze	Miao
Georgian	Iranian
Georgian	Adygei
Georgian	Lezgin
Georgian	Chechen
Georgian	North_Ossetian
Georgian	Greek
Georgian	Tuscan
Georgian	Bergamo
Georgian	Bulgarian
Georgian	Sardinian
Georgian	Spanish
Georgian	French
Georgian	Orcadian
Georgian	Basque
Georgian	Hungarian
Georgian	Icelandic
Georgian	English
Georgian	Estonian
Georgian	Finnish
Georgian	Russian
Georgian	Makrani
Georgian	Balochi
Georgian	Kalash
Georgian	Brahui
Georgian	Pathan
Georgian	Sindhi
Georgian	Punjabi
Georgian	Burusho
Georgian	Bengali
Georgian	Hazara
Georgian	Kusunda
Georgian	Bougainville
Georgian	Papuan
Georgian	Pima
Georgian	Zapotec
Georgian	Mayan
Georgian	Mixe
Georgian	Piapoco
Georgian	Karitiana
Georgian	Surui
Georgian	Tlingit
Georgian	Chukchi
Georgian	Mansi
Georgian	Aleut
Georgian	Tubalar
Georgian	Altaian
Georgian	Uyghur
Georgian	Eskimo
Georgian	Even
Georgian	Itelman
Georgian	Ulchi
Georgian	Yakut
Georgian	Oroqen
Georgian	Hezhen
Georgian	Daur
Georgian	Xibo
Georgian	Mongol
Georgian	Japanese
Georgian	Korean
Georgian	Hui
Georgian	Han
Georgian	Lahu
Georgian	Qiang
Georgian	Bai
Georgian	Jino
Georgian	Hani
Georgian	Achang
Georgian	Yi
Georgian	Naxi
Georgian	Tu
Georgian	Jingpo
Georgian	Ersu
Georgian	Pumi(N)
Georgian	Pumi
Georgian	Muya
Georgian	Namuyi
Georgian	Lisu
Georgian	Nu
Georgian	Derung
Georgian	Jiarong
Georgian	Luoba
Georgian	Monba
Georgian	Tibetan(SC)
Georgian	Tibetan
Georgian	Sherpa
Georgian	Cambodian
Georgian	Ami
Georgian	Atayal
Georgian	Dai
Georgian	Thai
Georgian	Kinh
Georgian	Tujia
Georgian	She
Georgian	Miao
Iranian	Adygei
Iranian	Lezgin
Iranian	Chechen
Iranian	North_Ossetian
Iranian	Greek
Iranian	Tuscan
Iranian	Bergamo
Iranian	Bulgarian
Iranian	Sardinian
Iranian	Spanish
Iranian	French
Iranian	Orcadian
Iranian	Basque
Iranian	Hungarian
Iranian	Icelandic
Iranian	English
Iranian	Estonian
Iranian	Finnish
Iranian	Russian
Iranian	Makrani
Iranian	Balochi
Iranian	Kalash
Iranian	Brahui
Iranian	Pathan
Iranian	Sindhi
Iranian	Punjabi
Iranian	Burusho
Iranian	Bengali
Iranian	Hazara
Iranian	Kusunda
Iranian	Bougainville
Iranian	Papuan
Iranian	Pima
Iranian	Zapotec
Iranian	Mayan
Iranian	Mixe
Iranian	Piapoco
Iranian	Karitiana
Iranian	Surui
Iranian	Tlingit
Iranian	Chukchi
Iranian	Mansi
Iranian	Aleut
Iranian	Tubalar
Iranian	Altaian
Iranian	Uyghur
Iranian	Eskimo
Iranian	Even
Iranian	Itelman
Iranian	Ulchi
Iranian	Yakut
Iranian	Oroqen
Iranian	Hezhen
Iranian	Daur
Iranian	Xibo
Iranian	Mongol
Iranian	Japanese
Iranian	Korean
Iranian	Hui
Iranian	Han
Iranian	Lahu
Iranian	Qiang
Iranian	Bai
Iranian	Jino
Iranian	Hani
Iranian	Achang
Iranian	Yi
Iranian	Naxi
Iranian	Tu
Iranian	Jingpo
Iranian	Ersu
Iranian	Pumi(N)
Iranian	Pumi
Iranian	Muya
Iranian	Namuyi
Iranian	Lisu
Iranian	Nu
Iranian	Derung
Iranian	Jiarong
Iranian	Luoba
Iranian	Monba
Iranian	Tibetan(SC)
Iranian	Tibetan
Iranian	Sherpa
Iranian	Cambodian
Iranian	Ami
Iranian	Atayal
Iranian	Dai
Iranian	Thai
Iranian	Kinh
Iranian	Tujia
Iranian	She
Iranian	Miao
Adygei	Lezgin
Adygei	Chechen
Adygei	North_Ossetian
Adygei	Greek
Adygei	Tuscan
Adygei	Bergamo
Adygei	Bulgarian
Adygei	Sardinian
Adygei	Spanish
Adygei	French
Adygei	Orcadian
Adygei	Basque
Adygei	Hungarian
Adygei	Icelandic
Adygei	English
Adygei	Estonian
Adygei	Finnish
Adygei	Russian
Adygei	Makrani
Adygei	Balochi
Adygei	Kalash
Adygei	Brahui
Adygei	Pathan
Adygei	Sindhi
Adygei	Punjabi
Adygei	Burusho
Adygei	Bengali
Adygei	Hazara
Adygei	Kusunda
Adygei	Bougainville
Adygei	Papuan
Adygei	Pima
Adygei	Zapotec
Adygei	Mayan
Adygei	Mixe
Adygei	Piapoco
Adygei	Karitiana
Adygei	Surui
Adygei	Tlingit
Adygei	Chukchi
Adygei	Mansi
Adygei	Aleut
Adygei	Tubalar
Adygei	Altaian
Adygei	Uyghur
Adygei	Eskimo
Adygei	Even
Adygei	Itelman
Adygei	Ulchi
Adygei	Yakut
Adygei	Oroqen
Adygei	Hezhen
Adygei	Daur
Adygei	Xibo
Adygei	Mongol
Adygei	Japanese
Adygei	Korean
Adygei	Hui
Adygei	Han
Adygei	Lahu
Adygei	Qiang
Adygei	Bai
Adygei	Jino
Adygei	Hani
Adygei	Achang
Adygei	Yi
Adygei	Naxi
Adygei	Tu
Adygei	Jingpo
Adygei	Ersu
Adygei	Pumi(N)
Adygei	Pumi
Adygei	Muya
Adygei	Namuyi
Adygei	Lisu
Adygei	Nu
Adygei	Derung
Adygei	Jiarong
Adygei	Luoba
Adygei	Monba
Adygei	Tibetan(SC)
Adygei	Tibetan
Adygei	Sherpa
Adygei	Cambodian
Adygei	Ami
Adygei	Atayal
Adygei	Dai
Adygei	Thai
Adygei	Kinh
Adygei	Tujia
Adygei	She
Adygei	Miao
Lezgin	Chechen
Lezgin	North_Ossetian
Lezgin	Greek
Lezgin	Tuscan
Lezgin	Bergamo
Lezgin	Bulgarian
Lezgin	Sardinian
Lezgin	Spanish
Lezgin	French
Lezgin	Orcadian
Lezgin	Basque
Lezgin	Hungarian
Lezgin	Icelandic
Lezgin	English
Lezgin	Estonian
Lezgin	Finnish
Lezgin	Russian
Lezgin	Makrani
Lezgin	Balochi
Lezgin	Kalash
Lezgin	Brahui
Lezgin	Pathan
Lezgin	Sindhi
Lezgin	Punjabi
Lezgin	Burusho
Lezgin	Bengali
Lezgin	Hazara
Lezgin	Kusunda
Lezgin	Bougainville
Lezgin	Papuan
Lezgin	Pima
Lezgin	Zapotec
Lezgin	Mayan
Lezgin	Mixe
Lezgin	Piapoco
Lezgin	Karitiana
Lezgin	Surui
Lezgin	Tlingit
Lezgin	Chukchi
Lezgin	Mansi
Lezgin	Aleut
Lezgin	Tubalar
Lezgin	Altaian
Lezgin	Uyghur
Lezgin	Eskimo
Lezgin	Even
Lezgin	Itelman
Lezgin	Ulchi
Lezgin	Yakut
Lezgin	Oroqen
Lezgin	Hezhen
Lezgin	Daur
Lezgin	Xibo
Lezgin	Mongol
Lezgin	Japanese
Lezgin	Korean
Lezgin	Hui
Lezgin	Han
Lezgin	Lahu
Lezgin	Qiang
Lezgin	Bai
Lezgin	Jino
Lezgin	Hani
Lezgin	Achang
Lezgin	Yi
Lezgin	Naxi
Lezgin	Tu
Lezgin	Jingpo
Lezgin	Ersu
Lezgin	Pumi(N)
Lezgin	Pumi
Lezgin	Muya
Lezgin	Namuyi
Lezgin	Lisu
Lezgin	Nu
Lezgin	Derung
Lezgin	Jiarong
Lezgin	Luoba
Lezgin	Monba
Lezgin	Tibetan(SC)
Lezgin	Tibetan
Lezgin	Sherpa
Lezgin	Cambodian
Lezgin	Ami
Lezgin	Atayal
Lezgin	Dai
Lezgin	Thai
Lezgin	Kinh
Lezgin	Tujia
Lezgin	She
Lezgin	Miao
Chechen	North_Ossetian
Chechen	Greek
Chechen	Tuscan
Chechen	Bergamo
Chechen	Bulgarian
Chechen	Sardinian
Chechen	Spanish
Chechen	French
Chechen	Orcadian
Chechen	Basque
Chechen	Hungarian
Chechen	Icelandic
Chechen	English
Chechen	Estonian
Chechen	Finnish
Chechen	Russian
Chechen	Makrani
Chechen	Balochi
Chechen	Kalash
Chechen	Brahui
Chechen	Pathan
Chechen	Sindhi
Chechen	Punjabi
Chechen	Burusho
Chechen	Bengali
Chechen	Hazara
Chechen	Kusunda
Chechen	Bougainville
Chechen	Papuan
Chechen	Pima
Chechen	Zapotec
Chechen	Mayan
Chechen	Mixe
Chechen	Piapoco
Chechen	Karitiana
Chechen	Surui
Chechen	Tlingit
Chechen	Chukchi
Chechen	Mansi
Chechen	Aleut
Chechen	Tubalar
Chechen	Altaian
Chechen	Uyghur
Chechen	Eskimo
Chechen	Even
Chechen	Itelman
Chechen	Ulchi
Chechen	Yakut
Chechen	Oroqen
Chechen	Hezhen
Chechen	Daur
Chechen	Xibo
Chechen	Mongol
Chechen	Japanese
Chechen	Korean
Chechen	Hui
Chechen	Han
Chechen	Lahu
Chechen	Qiang
Chechen	Bai
Chechen	Jino
Chechen	Hani
Chechen	Achang
Chechen	Yi
Chechen	Naxi
Chechen	Tu
Chechen	Jingpo
Chechen	Ersu
Chechen	Pumi(N)
Chechen	Pumi
Chechen	Muya
Chechen	Namuyi
Chechen	Lisu
Chechen	Nu
Chechen	Derung
Chechen	Jiarong
Chechen	Luoba
Chechen	Monba
Chechen	Tibetan(SC)
Chechen	Tibetan
Chechen	Sherpa
Chechen	Cambodian
Chechen	Ami
Chechen	Atayal
Chechen	Dai
Chechen	Thai
Chechen	Kinh
Chechen	Tujia
Chechen	She
Chechen	Miao
North_Ossetian	Greek
North_Ossetian	Tuscan
North_Ossetian	Bergamo
North_Ossetian	Bulgarian
North_Ossetian	Sardinian
North_Ossetian	Spanish
North_Ossetian	French
North_Ossetian	Orcadian
North_Ossetian	Basque
North_Ossetian	Hungarian
North_Ossetian	Icelandic
North_Ossetian	English
North_Ossetian	Estonian
North_Ossetian	Finnish
North_Ossetian	Russian
North_Ossetian	Makrani
North_Ossetian	Balochi
North_Ossetian	Kalash
North_Ossetian	Brahui
North_Ossetian	Pathan
North_Ossetian	Sindhi
North_Ossetian	Punjabi
North_Ossetian	Burusho
North_Ossetian	Bengali
North_Ossetian	Hazara
North_Ossetian	Kusunda
North_Ossetian	Bougainville
North_Ossetian	Papuan
North_Ossetian	Pima
North_Ossetian	Zapotec
North_Ossetian	Mayan
North_Ossetian	Mixe
North_Ossetian	Piapoco
North_Ossetian	Karitiana
North_Ossetian	Surui
North_Ossetian	Tlingit
North_Ossetian	Chukchi
North_Ossetian	Mansi
North_Ossetian	Aleut
North_Ossetian	Tubalar
North_Ossetian	Altaian
North_Ossetian	Uyghur
North_Ossetian	Eskimo
North_Ossetian	Even
North_Ossetian	Itelman
North_Ossetian	Ulchi
North_Ossetian	Yakut
North_Ossetian	Oroqen
North_Ossetian	Hezhen
North_Ossetian	Daur
North_Ossetian	Xibo
North_Ossetian	Mongol
North_Ossetian	Japanese
North_Ossetian	Korean
North_Ossetian	Hui
North_Ossetian	Han
North_Ossetian	Lahu
North_Ossetian	Qiang
North_Ossetian	Bai
North_Ossetian	Jino
North_Ossetian	Hani
North_Ossetian	Achang
North_Ossetian	Yi
North_Ossetian	Naxi
North_Ossetian	Tu
North_Ossetian	Jingpo
North_Ossetian	Ersu
North_Ossetian	Pumi(N)
North_Ossetian	Pumi
North_Ossetian	Muya
North_Ossetian	Namuyi
North_Ossetian	Lisu
North_Ossetian	Nu
North_Ossetian	Derung
North_Ossetian	Jiarong
North_Ossetian	Luoba
North_Ossetian	Monba
North_Ossetian	Tibetan(SC)
North_Ossetian	Tibetan
North_Ossetian	Sherpa
North_Ossetian	Cambodian
North_Ossetian	Ami
North_Ossetian	Atayal
North_Ossetian	Dai
North_Ossetian	Thai
North_Ossetian	Kinh
North_Ossetian	Tujia
North_Ossetian	She
North_Ossetian	Miao
Greek	Tuscan
Greek	Bergamo
Greek	Bulgarian
Greek	Sardinian
Greek	Spanish
Greek	French
Greek	Orcadian
Greek	Basque
Greek	Hungarian
Greek	Icelandic
Greek	English
Greek	Estonian
Greek	Finnish
Greek	Russian
Greek	Makrani
Greek	Balochi
Greek	Kalash
Greek	Brahui
Greek	Pathan
Greek	Sindhi
Greek	Punjabi
Greek	Burusho
Greek	Bengali
Greek	Hazara
Greek	Kusunda
Greek	Bougainville
Greek	Papuan
Greek	Pima
Greek	Zapotec
Greek	Mayan
Greek	Mixe
Greek	Piapoco
Greek	Karitiana
Greek	Surui
Greek	Tlingit
Greek	Chukchi
Greek	Mansi
Greek	Aleut
Greek	Tubalar
Greek	Altaian
Greek	Uyghur
Greek	Eskimo
Greek	Even
Greek	Itelman
Greek	Ulchi
Greek	Yakut
Greek	Oroqen
Greek	Hezhen
Greek	Daur
Greek	Xibo
Greek	Mongol
Greek	Japanese
Greek	Korean
Greek	Hui
Greek	Han
Greek	Lahu
Greek	Qiang
Greek	Bai
Greek	Jino
Greek	Hani
Greek	Achang
Greek	Yi
Greek	Naxi
Greek	Tu
Greek	Jingpo
Greek	Ersu
Greek	Pumi(N)
Greek	Pumi
Greek	Muya
Greek	Namuyi
Greek	Lisu
Greek	Nu
Greek	Derung
Greek	Jiarong
Greek	Luoba
Greek	Monba
Greek	Tibetan(SC)
Greek	Tibetan
Greek	Sherpa
Greek	Cambodian
Greek	Ami
Greek	Atayal
Greek	Dai
Greek	Thai
Greek	Kinh
Greek	Tujia
Greek	She
Greek	Miao
Tuscan	Bergamo
Tuscan	Bulgarian
Tuscan	Sardinian
Tuscan	Spanish
Tuscan	French
Tuscan	Orcadian
Tuscan	Basque
Tuscan	Hungarian
Tuscan	Icelandic
Tuscan	English
Tuscan	Estonian
Tuscan	Finnish
Tuscan	Russian
Tuscan	Makrani
Tuscan	Balochi
Tuscan	Kalash
Tuscan	Brahui
Tuscan	Pathan
Tuscan	Sindhi
Tuscan	Punjabi
Tuscan	Burusho
Tuscan	Bengali
Tuscan	Hazara
Tuscan	Kusunda
Tuscan	Bougainville
Tuscan	Papuan
Tuscan	Pima
Tuscan	Zapotec
Tuscan	Mayan
Tuscan	Mixe
Tuscan	Piapoco
Tuscan	Karitiana
Tuscan	Surui
Tuscan	Tlingit
Tuscan	Chukchi
Tuscan	Mansi
Tuscan	Aleut
Tuscan	Tubalar
Tuscan	Altaian
Tuscan	Uyghur
Tuscan	Eskimo
Tuscan	Even
Tuscan	Itelman
Tuscan	Ulchi
Tuscan	Yakut
Tuscan	Oroqen
Tuscan	Hezhen
Tuscan	Daur
Tuscan	Xibo
Tuscan	Mongol
Tuscan	Japanese
Tuscan	Korean
Tuscan	Hui
Tuscan	Han
Tuscan	Lahu
Tuscan	Qiang
Tuscan	Bai
Tuscan	Jino
Tuscan	Hani
Tuscan	Achang
Tuscan	Yi
Tuscan	Naxi
Tuscan	Tu
Tuscan	Jingpo
Tuscan	Ersu
Tuscan	Pumi(N)
Tuscan	Pumi
Tuscan	Muya
Tuscan	Namuyi
Tuscan	Lisu
Tuscan	Nu
Tuscan	Derung
Tuscan	Jiarong
Tuscan	Luoba
Tuscan	Monba
Tuscan	Tibetan(SC)
Tuscan	Tibetan
Tuscan	Sherpa
Tuscan	Cambodian
Tuscan	Ami
Tuscan	Atayal
Tuscan	Dai
Tuscan	Thai
Tuscan	Kinh
Tuscan	Tujia
Tuscan	She
Tuscan	Miao
Bergamo	Bulgarian
Bergamo	Sardinian
Bergamo	Spanish
Bergamo	French
Bergamo	Orcadian
Bergamo	Basque
Bergamo	Hungarian
Bergamo	Icelandic
Bergamo	English
Bergamo	Estonian
Bergamo	Finnish
Bergamo	Russian
Bergamo	Makrani
Bergamo	Balochi
Bergamo	Kalash
Bergamo	Brahui
Bergamo	Pathan
Bergamo	Sindhi
Bergamo	Punjabi
Bergamo	Burusho
Bergamo	Bengali
Bergamo	Hazara
Bergamo	Kusunda
Bergamo	Bougainville
Bergamo	Papuan
Bergamo	Pima
Bergamo	Zapotec
Bergamo	Mayan
Bergamo	Mixe
Bergamo	Piapoco
Bergamo	Karitiana
Bergamo	Surui
Bergamo	Tlingit
Bergamo	Chukchi
Bergamo	Mansi
Bergamo	Aleut
Bergamo	Tubalar
Bergamo	Altaian
Bergamo	Uyghur
Bergamo	Eskimo
Bergamo	Even
Bergamo	Itelman
Bergamo	Ulchi
Bergamo	Yakut
Bergamo	Oroqen
Bergamo	Hezhen
Bergamo	Daur
Bergamo	Xibo
Bergamo	Mongol
Bergamo	Japanese
Bergamo	Korean
Bergamo	Hui
Bergamo	Han
Bergamo	Lahu
Bergamo	Qiang
Bergamo	Bai
Bergamo	Jino
Bergamo	Hani
Bergamo	Achang
Bergamo	Yi
Bergamo	Naxi
Bergamo	Tu
Bergamo	Jingpo
Bergamo	Ersu
Bergamo	Pumi(N)
Bergamo	Pumi
Bergamo	Muya
Bergamo	Namuyi
Bergamo	Lisu
Bergamo	Nu
Bergamo	Derung
Bergamo	Jiarong
Bergamo	Luoba
Bergamo	Monba
Bergamo	Tibetan(SC)
Bergamo	Tibetan
Bergamo	Sherpa
Bergamo	Cambodian
Bergamo	Ami
Bergamo	Atayal
Bergamo	Dai
Bergamo	Thai
Bergamo	Kinh
Bergamo	Tujia
Bergamo	She
Bergamo	Miao
Bulgarian	Sardinian
Bulgarian	Spanish
Bulgarian	French
Bulgarian	Orcadian
Bulgarian	Basque
Bulgarian	Hungarian
Bulgarian	Icelandic
Bulgarian	English
Bulgarian	Estonian
Bulgarian	Finnish
Bulgarian	Russian
Bulgarian	Makrani
Bulgarian	Balochi
Bulgarian	Kalash
Bulgarian	Brahui
Bulgarian	Pathan
Bulgarian	Sindhi
Bulgarian	Punjabi
Bulgarian	Burusho
Bulgarian	Bengali
Bulgarian	Hazara
Bulgarian	Kusunda
Bulgarian	Bougainville
Bulgarian	Papuan
Bulgarian	Pima
Bulgarian	Zapotec
Bulgarian	Mayan
Bulgarian	Mixe
Bulgarian	Piapoco
Bulgarian	Karitiana
Bulgarian	Surui
Bulgarian	Tlingit
Bulgarian	Chukchi
Bulgarian	Mansi
Bulgarian	Aleut
Bulgarian	Tubalar
Bulgarian	Altaian
Bulgarian	Uyghur
Bulgarian	Eskimo
Bulgarian	Even
Bulgarian	Itelman
Bulgarian	Ulchi
Bulgarian	Yakut
Bulgarian	Oroqen
Bulgarian	Hezhen
Bulgarian	Daur
Bulgarian	Xibo
Bulgarian	Mongol
Bulgarian	Japanese
Bulgarian	Korean
Bulgarian	Hui
Bulgarian	Han
Bulgarian	Lahu
Bulgarian	Qiang
Bulgarian	Bai
Bulgarian	Jino
Bulgarian	Hani
Bulgarian	Achang
Bulgarian	Yi
Bulgarian	Naxi
Bulgarian	Tu
Bulgarian	Jingpo
Bulgarian	Ersu
Bulgarian	Pumi(N)
Bulgarian	Pumi
Bulgarian	Muya
Bulgarian	Namuyi
Bulgarian	Lisu
Bulgarian	Nu
Bulgarian	Derung
Bulgarian	Jiarong
Bulgarian	Luoba
Bulgarian	Monba
Bulgarian	Tibetan(SC)
Bulgarian	Tibetan
Bulgarian	Sherpa
Bulgarian	Cambodian
Bulgarian	Ami
Bulgarian	Atayal
Bulgarian	Dai
Bulgarian	Thai
Bulgarian	Kinh
Bulgarian	Tujia
Bulgarian	She
Bulgarian	Miao
Sardinian	Spanish
Sardinian	French
Sardinian	Orcadian
Sardinian	Basque
Sardinian	Hungarian
Sardinian	Icelandic
Sardinian	English
Sardinian	Estonian
Sardinian	Finnish
Sardinian	Russian
Sardinian	Makrani
Sardinian	Balochi
Sardinian	Kalash
Sardinian	Brahui
Sardinian	Pathan
Sardinian	Sindhi
Sardinian	Punjabi
Sardinian	Burusho
Sardinian	Bengali
Sardinian	Hazara
Sardinian	Kusunda
Sardinian	Bougainville
Sardinian	Papuan
Sardinian	Pima
Sardinian	Zapotec
Sardinian	Mayan
Sardinian	Mixe
Sardinian	Piapoco
Sardinian	Karitiana
Sardinian	Surui
Sardinian	Tlingit
Sardinian	Chukchi
Sardinian	Mansi
Sardinian	Aleut
Sardinian	Tubalar
Sardinian	Altaian
Sardinian	Uyghur
Sardinian	Eskimo
Sardinian	Even
Sardinian	Itelman
Sardinian	Ulchi
Sardinian	Yakut
Sardinian	Oroqen
Sardinian	Hezhen
Sardinian	Daur
Sardinian	Xibo
Sardinian	Mongol
Sardinian	Japanese
Sardinian	Korean
Sardinian	Hui
Sardinian	Han
Sardinian	Lahu
Sardinian	Qiang
Sardinian	Bai
Sardinian	Jino
Sardinian	Hani
Sardinian	Achang
Sardinian	Yi
Sardinian	Naxi
Sardinian	Tu
Sardinian	Jingpo
Sardinian	Ersu
Sardinian	Pumi(N)
Sardinian	Pumi
Sardinian	Muya
Sardinian	Namuyi
Sardinian	Lisu
Sardinian	Nu
Sardinian	Derung
Sardinian	Jiarong
Sardinian	Luoba
Sardinian	Monba
Sardinian	Tibetan(SC)
Sardinian	Tibetan
Sardinian	Sherpa
Sardinian	Cambodian
Sardinian	Ami
Sardinian	Atayal
Sardinian	Dai
Sardinian	Thai
Sardinian	Kinh
Sardinian	Tujia
Sardinian	She
Sardinian	Miao
Spanish	French
Spanish	Orcadian
Spanish	Basque
Spanish	Hungarian
Spanish	Icelandic
Spanish	English
Spanish	Estonian
Spanish	Finnish
Spanish	Russian
Spanish	Makrani
Spanish	Balochi
Spanish	Kalash
Spanish	Brahui
Spanish	Pathan
Spanish	Sindhi
Spanish	Punjabi
Spanish	Burusho
Spanish	Bengali
Spanish	Hazara
Spanish	Kusunda
Spanish	Bougainville
Spanish	Papuan
Spanish	Pima
Spanish	Zapotec
Spanish	Mayan
Spanish	Mixe
Spanish	Piapoco
Spanish	Karitiana
Spanish	Surui
Spanish	Tlingit
Spanish	Chukchi
Spanish	Mansi
Spanish	Aleut
Spanish	Tubalar
Spanish	Altaian
Spanish	Uyghur
Spanish	Eskimo
Spanish	Even
Spanish	Itelman
Spanish	Ulchi
Spanish	Yakut
Spanish	Oroqen
Spanish	Hezhen
Spanish	Daur
Spanish	Xibo
Spanish	Mongol
Spanish	Japanese
Spanish	Korean
Spanish	Hui
Spanish	Han
Spanish	Lahu
Spanish	Qiang
Spanish	Bai
Spanish	Jino
Spanish	Hani
Spanish	Achang
Spanish	Yi
Spanish	Naxi
Spanish	Tu
Spanish	Jingpo
Spanish	Ersu
Spanish	Pumi(N)
Spanish	Pumi
Spanish	Muya
Spanish	Namuyi
Spanish	Lisu
Spanish	Nu
Spanish	Derung
Spanish	Jiarong
Spanish	Luoba
Spanish	Monba
Spanish	Tibetan(SC)
Spanish	Tibetan
Spanish	Sherpa
Spanish	Cambodian
Spanish	Ami
Spanish	Atayal
Spanish	Dai
Spanish	Thai
Spanish	Kinh
Spanish	Tujia
Spanish	She
Spanish	Miao
French	Orcadian
French	Basque
French	Hungarian
French	Icelandic
French	English
French	Estonian
French	Finnish
French	Russian
French	Makrani
French	Balochi
French	Kalash
French	Brahui
French	Pathan
French	Sindhi
French	Punjabi
French	Burusho
French	Bengali
French	Hazara
French	Kusunda
French	Bougainville
French	Papuan
French	Pima
French	Zapotec
French	Mayan
French	Mixe
French	Piapoco
French	Karitiana
French	Surui
French	Tlingit
French	Chukchi
French	Mansi
French	Aleut
French	Tubalar
French	Altaian
French	Uyghur
French	Eskimo
French	Even
French	Itelman
French	Ulchi
French	Yakut
French	Oroqen
French	Hezhen
French	Daur
French	Xibo
French	Mongol
French	Japanese
French	Korean
French	Hui
French	Han
French	Lahu
French	Qiang
French	Bai
French	Jino
French	Hani
French	Achang
French	Yi
French	Naxi
French	Tu
French	Jingpo
French	Ersu
French	Pumi(N)
French	Pumi
French	Muya
French	Namuyi
French	Lisu
French	Nu
French	Derung
French	Jiarong
French	Luoba
French	Monba
French	Tibetan(SC)
French	Tibetan
French	Sherpa
French	Cambodian
French	Ami
French	Atayal
French	Dai
French	Thai
French	Kinh
French	Tujia
French	She
French	Miao
Orcadian	Basque
Orcadian	Hungarian
Orcadian	Icelandic
Orcadian	English
Orcadian	Estonian
Orcadian	Finnish
Orcadian	Russian
Orcadian	Makrani
Orcadian	Balochi
Orcadian	Kalash
Orcadian	Brahui
Orcadian	Pathan
Orcadian	Sindhi
Orcadian	Punjabi
Orcadian	Burusho
Orcadian	Bengali
Orcadian	Hazara
Orcadian	Kusunda
Orcadian	Bougainville
Orcadian	Papuan
Orcadian	Pima
Orcadian	Zapotec
Orcadian	Mayan
Orcadian	Mixe
Orcadian	Piapoco
Orcadian	Karitiana
Orcadian	Surui
Orcadian	Tlingit
Orcadian	Chukchi
Orcadian	Mansi
Orcadian	Aleut
Orcadian	Tubalar
Orcadian	Altaian
Orcadian	Uyghur
Orcadian	Eskimo
Orcadian	Even
Orcadian	Itelman
Orcadian	Ulchi
Orcadian	Yakut
Orcadian	Oroqen
Orcadian	Hezhen
Orcadian	Daur
Orcadian	Xibo
Orcadian	Mongol
Orcadian	Japanese
Orcadian	Korean
Orcadian	Hui
Orcadian	Han
Orcadian	Lahu
Orcadian	Qiang
Orcadian	Bai
Orcadian	Jino
Orcadian	Hani
Orcadian	Achang
Orcadian	Yi
Orcadian	Naxi
Orcadian	Tu
Orcadian	Jingpo
Orcadian	Ersu
Orcadian	Pumi(N)
Orcadian	Pumi
Orcadian	Muya
Orcadian	Namuyi
Orcadian	Lisu
Orcadian	Nu
Orcadian	Derung
Orcadian	Jiarong
Orcadian	Luoba
Orcadian	Monba
Orcadian	Tibetan(SC)
Orcadian	Tibetan
Orcadian	Sherpa
Orcadian	Cambodian
Orcadian	Ami
Orcadian	Atayal
Orcadian	Dai
Orcadian	Thai
Orcadian	Kinh
Orcadian	Tujia
Orcadian	She
Orcadian	Miao
Basque	Hungarian
Basque	Icelandic
Basque	English
Basque	Estonian
Basque	Finnish
Basque	Russian
Basque	Makrani
Basque	Balochi
Basque	Kalash
Basque	Brahui
Basque	Pathan
Basque	Sindhi
Basque	Punjabi
Basque	Burusho
Basque	Bengali
Basque	Hazara
Basque	Kusunda
Basque	Bougainville
Basque	Papuan
Basque	Pima
Basque	Zapotec
Basque	Mayan
Basque	Mixe
Basque	Piapoco
Basque	Karitiana
Basque	Surui
Basque	Tlingit
Basque	Chukchi
Basque	Mansi
Basque	Aleut
Basque	Tubalar
Basque	Altaian
Basque	Uyghur
Basque	Eskimo
Basque	Even
Basque	Itelman
Basque	Ulchi
Basque	Yakut
Basque	Oroqen
Basque	Hezhen
Basque	Daur
Basque	Xibo
Basque	Mongol
Basque	Japanese
Basque	Korean
Basque	Hui
Basque	Han
Basque	Lahu
Basque	Qiang
Basque	Bai
Basque	Jino
Basque	Hani
Basque	Achang
Basque	Yi
Basque	Naxi
Basque	Tu
Basque	Jingpo
Basque	Ersu
Basque	Pumi(N)
Basque	Pumi
Basque	Muya
Basque	Namuyi
Basque	Lisu
Basque	Nu
Basque	Derung
Basque	Jiarong
Basque	Luoba
Basque	Monba
Basque	Tibetan(SC)
Basque	Tibetan
Basque	Sherpa
Basque	Cambodian
Basque	Ami
Basque	Atayal
Basque	Dai
Basque	Thai
Basque	Kinh
Basque	Tujia
Basque	She
Basque	Miao
Hungarian	Icelandic
Hungarian	English
Hungarian	Estonian
Hungarian	Finnish
Hungarian	Russian
Hungarian	Makrani
Hungarian	Balochi
Hungarian	Kalash
Hungarian	Brahui
Hungarian	Pathan
Hungarian	Sindhi
Hungarian	Punjabi
Hungarian	Burusho
Hungarian	Bengali
Hungarian	Hazara
Hungarian	Kusunda
Hungarian	Bougainville
Hungarian	Papuan
Hungarian	Pima
Hungarian	Zapotec
Hungarian	Mayan
Hungarian	Mixe
Hungarian	Piapoco
Hungarian	Karitiana
Hungarian	Surui
Hungarian	Tlingit
Hungarian	Chukchi
Hungarian	Mansi
Hungarian	Aleut
Hungarian	Tubalar
Hungarian	Altaian
Hungarian	Uyghur
Hungarian	Eskimo
Hungarian	Even
Hungarian	Itelman
Hungarian	Ulchi
Hungarian	Yakut
Hungarian	Oroqen
Hungarian	Hezhen
Hungarian	Daur
Hungarian	Xibo
Hungarian	Mongol
Hungarian	Japanese
Hungarian	Korean
Hungarian	Hui
Hungarian	Han
Hungarian	Lahu
Hungarian	Qiang
Hungarian	Bai
Hungarian	Jino
Hungarian	Hani
Hungarian	Achang
Hungarian	Yi
Hungarian	Naxi
Hungarian	Tu
Hungarian	Jingpo
Hungarian	Ersu
Hungarian	Pumi(N)
Hungarian	Pumi
Hungarian	Muya
Hungarian	Namuyi
Hungarian	Lisu
Hungarian	Nu
Hungarian	Derung
Hungarian	Jiarong
Hungarian	Luoba
Hungarian	Monba
Hungarian	Tibetan(SC)
Hungarian	Tibetan
Hungarian	Sherpa
Hungarian	Cambodian
Hungarian	Ami
Hungarian	Atayal
Hungarian	Dai
Hungarian	Thai
Hungarian	Kinh
Hungarian	Tujia
Hungarian	She
Hungarian	Miao
Icelandic	English
Icelandic	Estonian
Icelandic	Finnish
Icelandic	Russian
Icelandic	Makrani
Icelandic	Balochi
Icelandic	Kalash
Icelandic	Brahui
Icelandic	Pathan
Icelandic	Sindhi
Icelandic	Punjabi
Icelandic	Burusho
Icelandic	Bengali
Icelandic	Hazara
Icelandic	Kusunda
Icelandic	Bougainville
Icelandic	Papuan
Icelandic	Pima
Icelandic	Zapotec
Icelandic	Mayan
Icelandic	Mixe
Icelandic	Piapoco
Icelandic	Karitiana
Icelandic	Surui
Icelandic	Tlingit
Icelandic	Chukchi
Icelandic	Mansi
Icelandic	Aleut
Icelandic	Tubalar
Icelandic	Altaian
Icelandic	Uyghur
Icelandic	Eskimo
Icelandic	Even
Icelandic	Itelman
Icelandic	Ulchi
Icelandic	Yakut
Icelandic	Oroqen
Icelandic	Hezhen
Icelandic	Daur
Icelandic	Xibo
Icelandic	Mongol
Icelandic	Japanese
Icelandic	Korean
Icelandic	Hui
Icelandic	Han
Icelandic	Lahu
Icelandic	Qiang
Icelandic	Bai
Icelandic	Jino
Icelandic	Hani
Icelandic	Achang
Icelandic	Yi
Icelandic	Naxi
Icelandic	Tu
Icelandic	Jingpo
Icelandic	Ersu
Icelandic	Pumi(N)
Icelandic	Pumi
Icelandic	Muya
Icelandic	Namuyi
Icelandic	Lisu
Icelandic	Nu
Icelandic	Derung
Icelandic	Jiarong
Icelandic	Luoba
Icelandic	Monba
Icelandic	Tibetan(SC)
Icelandic	Tibetan
Icelandic	Sherpa
Icelandic	Cambodian
Icelandic	Ami
Icelandic	Atayal
Icelandic	Dai
Icelandic	Thai
Icelandic	Kinh
Icelandic	Tujia
Icelandic	She
Icelandic	Miao
English	Estonian
English	Finnish
English	Russian
English	Makrani
English	Balochi
English	Kalash
English	Brahui
English	Pathan
English	Sindhi
English	Punjabi
English	Burusho
English	Bengali
English	Hazara
English	Kusunda
English	Bougainville
English	Papuan
English	Pima
English	Zapotec
English	Mayan
English	Mixe
English	Piapoco
English	Karitiana
English	Surui
English	Tlingit
English	Chukchi
English	Mansi
English	Aleut
English	Tubalar
English	Altaian
English	Uyghur
English	Eskimo
English	Even
English	Itelman
English	Ulchi
English	Yakut
English	Oroqen
English	Hezhen
English	Daur
English	Xibo
English	Mongol
English	Japanese
English	Korean
English	Hui
English	Han
English	Lahu
English	Qiang
English	Bai
English	Jino
English	Hani
English	Achang
English	Yi
English	Naxi
English	Tu
English	Jingpo
English	Ersu
English	Pumi(N)
English	Pumi
English	Muya
English	Namuyi
English	Lisu
English	Nu
English	Derung
English	Jiarong
English	Luoba
English	Monba
English	Tibetan(SC)
English	Tibetan
English	Sherpa
English	Cambodian
English	Ami
English	Atayal
English	Dai
English	Thai
English	Kinh
English	Tujia
English	She
English	Miao
Estonian	Finnish
Estonian	Russian
Estonian	Makrani
Estonian	Balochi
Estonian	Kalash
Estonian	Brahui
Estonian	Pathan
Estonian	Sindhi
Estonian	Punjabi
Estonian	Burusho
Estonian	Bengali
Estonian	Hazara
Estonian	Kusunda
Estonian	Bougainville
Estonian	Papuan
Estonian	Pima
Estonian	Zapotec
Estonian	Mayan
Estonian	Mixe
Estonian	Piapoco
Estonian	Karitiana
Estonian	Surui
Estonian	Tlingit
Estonian	Chukchi
Estonian	Mansi
Estonian	Aleut
Estonian	Tubalar
Estonian	Altaian
Estonian	Uyghur
Estonian	Eskimo
Estonian	Even
Estonian	Itelman
Estonian	Ulchi
Estonian	Yakut
Estonian	Oroqen
Estonian	Hezhen
Estonian	Daur
Estonian	Xibo
Estonian	Mongol
Estonian	Japanese
Estonian	Korean
Estonian	Hui
Estonian	Han
Estonian	Lahu
Estonian	Qiang
Estonian	Bai
Estonian	Jino
Estonian	Hani
Estonian	Achang
Estonian	Yi
Estonian	Naxi
Estonian	Tu
Estonian	Jingpo
Estonian	Ersu
Estonian	Pumi(N)
Estonian	Pumi
Estonian	Muya
Estonian	Namuyi
Estonian	Lisu
Estonian	Nu
Estonian	Derung
Estonian	Jiarong
Estonian	Luoba
Estonian	Monba
Estonian	Tibetan(SC)
Estonian	Tibetan
Estonian	Sherpa
Estonian	Cambodian
Estonian	Ami
Estonian	Atayal
Estonian	Dai
Estonian	Thai
Estonian	Kinh
Estonian	Tujia
Estonian	She
Estonian	Miao
Finnish	Russian
Finnish	Makrani
Finnish	Balochi
Finnish	Kalash
Finnish	Brahui
Finnish	Pathan
Finnish	Sindhi
Finnish	Punjabi
Finnish	Burusho
Finnish	Bengali
Finnish	Hazara
Finnish	Kusunda
Finnish	Bougainville
Finnish	Papuan
Finnish	Pima
Finnish	Zapotec
Finnish	Mayan
Finnish	Mixe
Finnish	Piapoco
Finnish	Karitiana
Finnish	Surui
Finnish	Tlingit
Finnish	Chukchi
Finnish	Mansi
Finnish	Aleut
Finnish	Tubalar
Finnish	Altaian
Finnish	Uyghur
Finnish	Eskimo
Finnish	Even
Finnish	Itelman
Finnish	Ulchi
Finnish	Yakut
Finnish	Oroqen
Finnish	Hezhen
Finnish	Daur
Finnish	Xibo
Finnish	Mongol
Finnish	Japanese
Finnish	Korean
Finnish	Hui
Finnish	Han
Finnish	Lahu
Finnish	Qiang
Finnish	Bai
Finnish	Jino
Finnish	Hani
Finnish	Achang
Finnish	Yi
Finnish	Naxi
Finnish	Tu
Finnish	Jingpo
Finnish	Ersu
Finnish	Pumi(N)
Finnish	Pumi
Finnish	Muya
Finnish	Namuyi
Finnish	Lisu
Finnish	Nu
Finnish	Derung
Finnish	Jiarong
Finnish	Luoba
Finnish	Monba
Finnish	Tibetan(SC)
Finnish	Tibetan
Finnish	Sherpa
Finnish	Cambodian
Finnish	Ami
Finnish	Atayal
Finnish	Dai
Finnish	Thai
Finnish	Kinh
Finnish	Tujia
Finnish	She
Finnish	Miao
Russian	Makrani
Russian	Balochi
Russian	Kalash
Russian	Brahui
Russian	Pathan
Russian	Sindhi
Russian	Punjabi
Russian	Burusho
Russian	Bengali
Russian	Hazara
Russian	Kusunda
Russian	Bougainville
Russian	Papuan
Russian	Pima
Russian	Zapotec
Russian	Mayan
Russian	Mixe
Russian	Piapoco
Russian	Karitiana
Russian	Surui
Russian	Tlingit
Russian	Chukchi
Russian	Mansi
Russian	Aleut
Russian	Tubalar
Russian	Altaian
Russian	Uyghur
Russian	Eskimo
Russian	Even
Russian	Itelman
Russian	Ulchi
Russian	Yakut
Russian	Oroqen
Russian	Hezhen
Russian	Daur
Russian	Xibo
Russian	Mongol
Russian	Japanese
Russian	Korean
Russian	Hui
Russian	Han
Russian	Lahu
Russian	Qiang
Russian	Bai
Russian	Jino
Russian	Hani
Russian	Achang
Russian	Yi
Russian	Naxi
Russian	Tu
Russian	Jingpo
Russian	Ersu
Russian	Pumi(N)
Russian	Pumi
Russian	Muya
Russian	Namuyi
Russian	Lisu
Russian	Nu
Russian	Derung
Russian	Jiarong
Russian	Luoba
Russian	Monba
Russian	Tibetan(SC)
Russian	Tibetan
Russian	Sherpa
Russian	Cambodian
Russian	Ami
Russian	Atayal
Russian	Dai
Russian	Thai
Russian	Kinh
Russian	Tujia
Russian	She
Russian	Miao
Makrani	Balochi
Makrani	Kalash
Makrani	Brahui
Makrani	Pathan
Makrani	Sindhi
Makrani	Punjabi
Makrani	Burusho
Makrani	Bengali
Makrani	Hazara
Makrani	Kusunda
Makrani	Bougainville
Makrani	Papuan
Makrani	Pima
Makrani	Zapotec
Makrani	Mayan
Makrani	Mixe
Makrani	Piapoco
Makrani	Karitiana
Makrani	Surui
Makrani	Tlingit
Makrani	Chukchi
Makrani	Mansi
Makrani	Aleut
Makrani	Tubalar
Makrani	Altaian
Makrani	Uyghur
Makrani	Eskimo
Makrani	Even
Makrani	Itelman
Makrani	Ulchi
Makrani	Yakut
Makrani	Oroqen
Makrani	Hezhen
Makrani	Daur
Makrani	Xibo
Makrani	Mongol
Makrani	Japanese
Makrani	Korean
Makrani	Hui
Makrani	Han
Makrani	Lahu
Makrani	Qiang
Makrani	Bai
Makrani	Jino
Makrani	Hani
Makrani	Achang
Makrani	Yi
Makrani	Naxi
Makrani	Tu
Makrani	Jingpo
Makrani	Ersu
Makrani	Pumi(N)
Makrani	Pumi
Makrani	Muya
Makrani	Namuyi
Makrani	Lisu
Makrani	Nu
Makrani	Derung
Makrani	Jiarong
Makrani	Luoba
Makrani	Monba
Makrani	Tibetan(SC)
Makrani	Tibetan
Makrani	Sherpa
Makrani	Cambodian
Makrani	Ami
Makrani	Atayal
Makrani	Dai
Makrani	Thai
Makrani	Kinh
Makrani	Tujia
Makrani	She
Makrani	Miao
Balochi	Kalash
Balochi	Brahui
Balochi	Pathan
Balochi	Sindhi
Balochi	Punjabi
Balochi	Burusho
Balochi	Bengali
Balochi	Hazara
Balochi	Kusunda
Balochi	Bougainville
Balochi	Papuan
Balochi	Pima
Balochi	Zapotec
Balochi	Mayan
Balochi	Mixe
Balochi	Piapoco
Balochi	Karitiana
Balochi	Surui
Balochi	Tlingit
Balochi	Chukchi
Balochi	Mansi
Balochi	Aleut
Balochi	Tubalar
Balochi	Altaian
Balochi	Uyghur
Balochi	Eskimo
Balochi	Even
Balochi	Itelman
Balochi	Ulchi
Balochi	Yakut
Balochi	Oroqen
Balochi	Hezhen
Balochi	Daur
Balochi	Xibo
Balochi	Mongol
Balochi	Japanese
Balochi	Korean
Balochi	Hui
Balochi	Han
Balochi	Lahu
Balochi	Qiang
Balochi	Bai
Balochi	Jino
Balochi	Hani
Balochi	Achang
Balochi	Yi
Balochi	Naxi
Balochi	Tu
Balochi	Jingpo
Balochi	Ersu
Balochi	Pumi(N)
Balochi	Pumi
Balochi	Muya
Balochi	Namuyi
Balochi	Lisu
Balochi	Nu
Balochi	Derung
Balochi	Jiarong
Balochi	Luoba
Balochi	Monba
Balochi	Tibetan(SC)
Balochi	Tibetan
Balochi	Sherpa
Balochi	Cambodian
Balochi	Ami
Balochi	Atayal
Balochi	Dai
Balochi	Thai
Balochi	Kinh
Balochi	Tujia
Balochi	She
Balochi	Miao
Kalash	Brahui
Kalash	Pathan
Kalash	Sindhi
Kalash	Punjabi
Kalash	Burusho
Kalash	Bengali
Kalash	Hazara
Kalash	Kusunda
Kalash	Bougainville
Kalash	Papuan
Kalash	Pima
Kalash	Zapotec
Kalash	Mayan
Kalash	Mixe
Kalash	Piapoco
Kalash	Karitiana
Kalash	Surui
Kalash	Tlingit
Kalash	Chukchi
Kalash	Mansi
Kalash	Aleut
Kalash	Tubalar
Kalash	Altaian
Kalash	Uyghur
Kalash	Eskimo
Kalash	Even
Kalash	Itelman
Kalash	Ulchi
Kalash	Yakut
Kalash	Oroqen
Kalash	Hezhen
Kalash	Daur
Kalash	Xibo
Kalash	Mongol
Kalash	Japanese
Kalash	Korean
Kalash	Hui
Kalash	Han
Kalash	Lahu
Kalash	Qiang
Kalash	Bai
Kalash	Jino
Kalash	Hani
Kalash	Achang
Kalash	Yi
Kalash	Naxi
Kalash	Tu
Kalash	Jingpo
Kalash	Ersu
Kalash	Pumi(N)
Kalash	Pumi
Kalash	Muya
Kalash	Namuyi
Kalash	Lisu
Kalash	Nu
Kalash	Derung
Kalash	Jiarong
Kalash	Luoba
Kalash	Monba
Kalash	Tibetan(SC)
Kalash	Tibetan
Kalash	Sherpa
Kalash	Cambodian
Kalash	Ami
Kalash	Atayal
Kalash	Dai
Kalash	Thai
Kalash	Kinh
Kalash	Tujia
Kalash	She
Kalash	Miao
Brahui	Pathan
Brahui	Sindhi
Brahui	Punjabi
Brahui	Burusho
Brahui	Bengali
Brahui	Hazara
Brahui	Kusunda
Brahui	Bougainville
Brahui	Papuan
Brahui	Pima
Brahui	Zapotec
Brahui	Mayan
Brahui	Mixe
Brahui	Piapoco
Brahui	Karitiana
Brahui	Surui
Brahui	Tlingit
Brahui	Chukchi
Brahui	Mansi
Brahui	Aleut
Brahui	Tubalar
Brahui	Altaian
Brahui	Uyghur
Brahui	Eskimo
Brahui	Even
Brahui	Itelman
Brahui	Ulchi
Brahui	Yakut
Brahui	Oroqen
Brahui	Hezhen
Brahui	Daur
Brahui	Xibo
Brahui	Mongol
Brahui	Japanese
Brahui	Korean
Brahui	Hui
Brahui	Han
Brahui	Lahu
Brahui	Qiang
Brahui	Bai
Brahui	Jino
Brahui	Hani
Brahui	Achang
Brahui	Yi
Brahui	Naxi
Brahui	Tu
Brahui	Jingpo
Brahui	Ersu
Brahui	Pumi(N)
Brahui	Pumi
Brahui	Muya
Brahui	Namuyi
Brahui	Lisu
Brahui	Nu
Brahui	Derung
Brahui	Jiarong
Brahui	Luoba
Brahui	Monba
Brahui	Tibetan(SC)
Brahui	Tibetan
Brahui	Sherpa
Brahui	Cambodian
Brahui	Ami
Brahui	Atayal
Brahui	Dai
Brahui	Thai
Brahui	Kinh
Brahui	Tujia
Brahui	She
Brahui	Miao
Pathan	Sindhi
Pathan	Punjabi
Pathan	Burusho
Pathan	Bengali
Pathan	Hazara
Pathan	Kusunda
Pathan	Bougainville
Pathan	Papuan
Pathan	Pima
Pathan	Zapotec
Pathan	Mayan
Pathan	Mixe
Pathan	Piapoco
Pathan	Karitiana
Pathan	Surui
Pathan	Tlingit
Pathan	Chukchi
Pathan	Mansi
Pathan	Aleut
Pathan	Tubalar
Pathan	Altaian
Pathan	Uyghur
Pathan	Eskimo
Pathan	Even
Pathan	Itelman
Pathan	Ulchi
Pathan	Yakut
Pathan	Oroqen
Pathan	Hezhen
Pathan	Daur
Pathan	Xibo
Pathan	Mongol
Pathan	Japanese
Pathan	Korean
Pathan	Hui
Pathan	Han
Pathan	Lahu
Pathan	Qiang
Pathan	Bai
Pathan	Jino
Pathan	Hani
Pathan	Achang
Pathan	Yi
Pathan	Naxi
Pathan	Tu
Pathan	Jingpo
Pathan	Ersu
Pathan	Pumi(N)
Pathan	Pumi
Pathan	Muya
Pathan	Namuyi
Pathan	Lisu
Pathan	Nu
Pathan	Derung
Pathan	Jiarong
Pathan	Luoba
Pathan	Monba
Pathan	Tibetan(SC)
Pathan	Tibetan
Pathan	Sherpa
Pathan	Cambodian
Pathan	Ami
Pathan	Atayal
Pathan	Dai
Pathan	Thai
Pathan	Kinh
Pathan	Tujia
Pathan	She
Pathan	Miao
Sindhi	Punjabi
Sindhi	Burusho
Sindhi	Bengali
Sindhi	Hazara
Sindhi	Kusunda
Sindhi	Bougainville
Sindhi	Papuan
Sindhi	Pima
Sindhi	Zapotec
Sindhi	Mayan
Sindhi	Mixe
Sindhi	Piapoco
Sindhi	Karitiana
Sindhi	Surui
Sindhi	Tlingit
Sindhi	Chukchi
Sindhi	Mansi
Sindhi	Aleut
Sindhi	Tubalar
Sindhi	Altaian
Sindhi	Uyghur
Sindhi	Eskimo
Sindhi	Even
Sindhi	Itelman
Sindhi	Ulchi
Sindhi	Yakut
Sindhi	Oroqen
Sindhi	Hezhen
Sindhi	Daur
Sindhi	Xibo
Sindhi	Mongol
Sindhi	Japanese
Sindhi	Korean
Sindhi	Hui
Sindhi	Han
Sindhi	Lahu
Sindhi	Qiang
Sindhi	Bai
Sindhi	Jino
Sindhi	Hani
Sindhi	Achang
Sindhi	Yi
Sindhi	Naxi
Sindhi	Tu
Sindhi	Jingpo
Sindhi	Ersu
Sindhi	Pumi(N)
Sindhi	Pumi
Sindhi	Muya
Sindhi	Namuyi
Sindhi	Lisu
Sindhi	Nu
Sindhi	Derung
Sindhi	Jiarong
Sindhi	Luoba
Sindhi	Monba
Sindhi	Tibetan(SC)
Sindhi	Tibetan
Sindhi	Sherpa
Sindhi	Cambodian
Sindhi	Ami
Sindhi	Atayal
Sindhi	Dai
Sindhi	Thai
Sindhi	Kinh
Sindhi	Tujia
Sindhi	She
Sindhi	Miao
Punjabi	Burusho
Punjabi	Bengali
Punjabi	Hazara
Punjabi	Kusunda
Punjabi	Bougainville
Punjabi	Papuan
Punjabi	Pima
Punjabi	Zapotec
Punjabi	Mayan
Punjabi	Mixe
Punjabi	Piapoco
Punjabi	Karitiana
Punjabi	Surui
Punjabi	Tlingit
Punjabi	Chukchi
Punjabi	Mansi
Punjabi	Aleut
Punjabi	Tubalar
Punjabi	Altaian
Punjabi	Uyghur
Punjabi	Eskimo
Punjabi	Even
Punjabi	Itelman
Punjabi	Ulchi
Punjabi	Yakut
Punjabi	Oroqen
Punjabi	Hezhen
Punjabi	Daur
Punjabi	Xibo
Punjabi	Mongol
Punjabi	Japanese
Punjabi	Korean
Punjabi	Hui
Punjabi	Han
Punjabi	Lahu
Punjabi	Qiang
Punjabi	Bai
Punjabi	Jino
Punjabi	Hani
Punjabi	Achang
Punjabi	Yi
Punjabi	Naxi
Punjabi	Tu
Punjabi	Jingpo
Punjabi	Ersu
Punjabi	Pumi(N)
Punjabi	Pumi
Punjabi	Muya
Punjabi	Namuyi
Punjabi	Lisu
Punjabi	Nu
Punjabi	Derung
Punjabi	Jiarong
Punjabi	Luoba
Punjabi	Monba
Punjabi	Tibetan(SC)
Punjabi	Tibetan
Punjabi	Sherpa
Punjabi	Cambodian
Punjabi	Ami
Punjabi	Atayal
Punjabi	Dai
Punjabi	Thai
Punjabi	Kinh
Punjabi	Tujia
Punjabi	She
Punjabi	Miao
Burusho	Bengali
Burusho	Hazara
Burusho	Kusunda
Burusho	Bougainville
Burusho	Papuan
Burusho	Pima
Burusho	Zapotec
Burusho	Mayan
Burusho	Mixe
Burusho	Piapoco
Burusho	Karitiana
Burusho	Surui
Burusho	Tlingit
Burusho	Chukchi
Burusho	Mansi
Burusho	Aleut
Burusho	Tubalar
Burusho	Altaian
Burusho	Uyghur
Burusho	Eskimo
Burusho	Even
Burusho	Itelman
Burusho	Ulchi
Burusho	Yakut
Burusho	Oroqen
Burusho	Hezhen
Burusho	Daur
Burusho	Xibo
Burusho	Mongol
Burusho	Japanese
Burusho	Korean
Burusho	Hui
Burusho	Han
Burusho	Lahu
Burusho	Qiang
Burusho	Bai
Burusho	Jino
Burusho	Hani
Burusho	Achang
Burusho	Yi
Burusho	Naxi
Burusho	Tu
Burusho	Jingpo
Burusho	Ersu
Burusho	Pumi(N)
Burusho	Pumi
Burusho	Muya
Burusho	Namuyi
Burusho	Lisu
Burusho	Nu
Burusho	Derung
Burusho	Jiarong
Burusho	Luoba
Burusho	Monba
Burusho	Tibetan(SC)
Burusho	Tibetan
Burusho	Sherpa
Burusho	Cambodian
Burusho	Ami
Burusho	Atayal
Burusho	Dai
Burusho	Thai
Burusho	Kinh
Burusho	Tujia
Burusho	She
Burusho	Miao
Bengali	Hazara
Bengali	Kusunda
Bengali	Bougainville
Bengali	Papuan
Bengali	Pima
Bengali	Zapotec
Bengali	Mayan
Bengali	Mixe
Bengali	Piapoco
Bengali	Karitiana
Bengali	Surui
Bengali	Tlingit
Bengali	Chukchi
Bengali	Mansi
Bengali	Aleut
Bengali	Tubalar
Bengali	Altaian
Bengali	Uyghur
Bengali	Eskimo
Bengali	Even
Bengali	Itelman
Bengali	Ulchi
Bengali	Yakut
Bengali	Oroqen
Bengali	Hezhen
Bengali	Daur
Bengali	Xibo
Bengali	Mongol
Bengali	Japanese
Bengali	Korean
Bengali	Hui
Bengali	Han
Bengali	Lahu
Bengali	Qiang
Bengali	Bai
Bengali	Jino
Bengali	Hani
Bengali	Achang
Bengali	Yi
Bengali	Naxi
Bengali	Tu
Bengali	Jingpo
Bengali	Ersu
Bengali	Pumi(N)
Bengali	Pumi
Bengali	Muya
Bengali	Namuyi
Bengali	Lisu
Bengali	Nu
Bengali	Derung
Bengali	Jiarong
Bengali	Luoba
Bengali	Monba
Bengali	Tibetan(SC)
Bengali	Tibetan
Bengali	Sherpa
Bengali	Cambodian
Bengali	Ami
Bengali	Atayal
Bengali	Dai
Bengali	Thai
Bengali	Kinh
Bengali	Tujia
Bengali	She
Bengali	Miao
Hazara	Kusunda
Hazara	Bougainville
Hazara	Papuan
Hazara	Pima
Hazara	Zapotec
Hazara	Mayan
Hazara	Mixe
Hazara	Piapoco
Hazara	Karitiana
Hazara	Surui
Hazara	Tlingit
Hazara	Chukchi
Hazara	Mansi
Hazara	Aleut
Hazara	Tubalar
Hazara	Altaian
Hazara	Uyghur
Hazara	Eskimo
Hazara	Even
Hazara	Itelman
Hazara	Ulchi
Hazara	Yakut
Hazara	Oroqen
Hazara	Hezhen
Hazara	Daur
Hazara	Xibo
Hazara	Mongol
Hazara	Japanese
Hazara	Korean
Hazara	Hui
Hazara	Han
Hazara	Lahu
Hazara	Qiang
Hazara	Bai
Hazara	Jino
Hazara	Hani
Hazara	Achang
Hazara	Yi
Hazara	Naxi
Hazara	Tu
Hazara	Jingpo
Hazara	Ersu
Hazara	Pumi(N)
Hazara	Pumi
Hazara	Muya
Hazara	Namuyi
Hazara	Lisu
Hazara	Nu
Hazara	Derung
Hazara	Jiarong
Hazara	Luoba
Hazara	Monba
Hazara	Tibetan(SC)
Hazara	Tibetan
Hazara	Sherpa
Hazara	Cambodian
Hazara	Ami
Hazara	Atayal
Hazara	Dai
Hazara	Thai
Hazara	Kinh
Hazara	Tujia
Hazara	She
Hazara	Miao
Kusunda	Bougainville
Kusunda	Papuan
Kusunda	Pima
Kusunda	Zapotec
Kusunda	Mayan
Kusunda	Mixe
Kusunda	Piapoco
Kusunda	Karitiana
Kusunda	Surui
Kusunda	Tlingit
Kusunda	Chukchi
Kusunda	Mansi
Kusunda	Aleut
Kusunda	Tubalar
Kusunda	Altaian
Kusunda	Uyghur
Kusunda	Eskimo
Kusunda	Even
Kusunda	Itelman
Kusunda	Ulchi
Kusunda	Yakut
Kusunda	Oroqen
Kusunda	Hezhen
Kusunda	Daur
Kusunda	Xibo
Kusunda	Mongol
Kusunda	Japanese
Kusunda	Korean
Kusunda	Hui
Kusunda	Han
Kusunda	Lahu
Kusunda	Qiang
Kusunda	Bai
Kusunda	Jino
Kusunda	Hani
Kusunda	Achang
Kusunda	Yi
Kusunda	Naxi
Kusunda	Tu
Kusunda	Jingpo
Kusunda	Ersu
Kusunda	Pumi(N)
Kusunda	Pumi
Kusunda	Muya
Kusunda	Namuyi
Kusunda	Lisu
Kusunda	Nu
Kusunda	Derung
Kusunda	Jiarong
Kusunda	Luoba
Kusunda	Monba
Kusunda	Tibetan(SC)
Kusunda	Tibetan
Kusunda	Sherpa
Kusunda	Cambodian
Kusunda	Ami
Kusunda	Atayal
Kusunda	Dai
Kusunda	Thai
Kusunda	Kinh
Kusunda	Tujia
Kusunda	She
Kusunda	Miao
Bougainville	Papuan
Bougainville	Pima
Bougainville	Zapotec
Bougainville	Mayan
Bougainville	Mixe
Bougainville	Piapoco
Bougainville	Karitiana
Bougainville	Surui
Bougainville	Tlingit
Bougainville	Chukchi
Bougainville	Mansi
Bougainville	Aleut
Bougainville	Tubalar
Bougainville	Altaian
Bougainville	Uyghur
Bougainville	Eskimo
Bougainville	Even
Bougainville	Itelman
Bougainville	Ulchi
Bougainville	Yakut
Bougainville	Oroqen
Bougainville	Hezhen
Bougainville	Daur
Bougainville	Xibo
Bougainville	Mongol
Bougainville	Japanese
Bougainville	Korean
Bougainville	Hui
Bougainville	Han
Bougainville	Lahu
Bougainville	Qiang
Bougainville	Bai
Bougainville	Jino
Bougainville	Hani
Bougainville	Achang
Bougainville	Yi
Bougainville	Naxi
Bougainville	Tu
Bougainville	Jingpo
Bougainville	Ersu
Bougainville	Pumi(N)
Bougainville	Pumi
Bougainville	Muya
Bougainville	Namuyi
Bougainville	Lisu
Bougainville	Nu
Bougainville	Derung
Bougainville	Jiarong
Bougainville	Luoba
Bougainville	Monba
Bougainville	Tibetan(SC)
Bougainville	Tibetan
Bougainville	Sherpa
Bougainville	Cambodian
Bougainville	Ami
Bougainville	Atayal
Bougainville	Dai
Bougainville	Thai
Bougainville	Kinh
Bougainville	Tujia
Bougainville	She
Bougainville	Miao
Papuan	Pima
Papuan	Zapotec
Papuan	Mayan
Papuan	Mixe
Papuan	Piapoco
Papuan	Karitiana
Papuan	Surui
Papuan	Tlingit
Papuan	Chukchi
Papuan	Mansi
Papuan	Aleut
Papuan	Tubalar
Papuan	Altaian
Papuan	Uyghur
Papuan	Eskimo
Papuan	Even
Papuan	Itelman
Papuan	Ulchi
Papuan	Yakut
Papuan	Oroqen
Papuan	Hezhen
Papuan	Daur
Papuan	Xibo
Papuan	Mongol
Papuan	Japanese
Papuan	Korean
Papuan	Hui
Papuan	Han
Papuan	Lahu
Papuan	Qiang
Papuan	Bai
Papuan	Jino
Papuan	Hani
Papuan	Achang
Papuan	Yi
Papuan	Naxi
Papuan	Tu
Papuan	Jingpo
Papuan	Ersu
Papuan	Pumi(N)
Papuan	Pumi
Papuan	Muya
Papuan	Namuyi
Papuan	Lisu
Papuan	Nu
Papuan	Derung
Papuan	Jiarong
Papuan	Luoba
Papuan	Monba
Papuan	Tibetan(SC)
Papuan	Tibetan
Papuan	Sherpa
Papuan	Cambodian
Papuan	Ami
Papuan	Atayal
Papuan	Dai
Papuan	Thai
Papuan	Kinh
Papuan	Tujia
Papuan	She
Papuan	Miao
Pima	Zapotec
Pima	Mayan
Pima	Mixe
Pima	Piapoco
Pima	Karitiana
Pima	Surui
Pima	Tlingit
Pima	Chukchi
Pima	Mansi
Pima	Aleut
Pima	Tubalar
Pima	Altaian
Pima	Uyghur
Pima	Eskimo
Pima	Even
Pima	Itelman
Pima	Ulchi
Pima	Yakut
Pima	Oroqen
Pima	Hezhen
Pima	Daur
Pima	Xibo
Pima	Mongol
Pima	Japanese
Pima	Korean
Pima	Hui
Pima	Han
Pima	Lahu
Pima	Qiang
Pima	Bai
Pima	Jino
Pima	Hani
Pima	Achang
Pima	Yi
Pima	Naxi
Pima	Tu
Pima	Jingpo
Pima	Ersu
Pima	Pumi(N)
Pima	Pumi
Pima	Muya
Pima	Namuyi
Pima	Lisu
Pima	Nu
Pima	Derung
Pima	Jiarong
Pima	Luoba
Pima	Monba
Pima	Tibetan(SC)
Pima	Tibetan
Pima	Sherpa
Pima	Cambodian
Pima	Ami
Pima	Atayal
Pima	Dai
Pima	Thai
Pima	Kinh
Pima	Tujia
Pima	She
Pima	Miao
Zapotec	Mayan
Zapotec	Mixe
Zapotec	Piapoco
Zapotec	Karitiana
Zapotec	Surui
Zapotec	Tlingit
Zapotec	Chukchi
Zapotec	Mansi
Zapotec	Aleut
Zapotec	Tubalar
Zapotec	Altaian
Zapotec	Uyghur
Zapotec	Eskimo
Zapotec	Even
Zapotec	Itelman
Zapotec	Ulchi
Zapotec	Yakut
Zapotec	Oroqen
Zapotec	Hezhen
Zapotec	Daur
Zapotec	Xibo
Zapotec	Mongol
Zapotec	Japanese
Zapotec	Korean
Zapotec	Hui
Zapotec	Han
Zapotec	Lahu
Zapotec	Qiang
Zapotec	Bai
Zapotec	Jino
Zapotec	Hani
Zapotec	Achang
Zapotec	Yi
Zapotec	Naxi
Zapotec	Tu
Zapotec	Jingpo
Zapotec	Ersu
Zapotec	Pumi(N)
Zapotec	Pumi
Zapotec	Muya
Zapotec	Namuyi
Zapotec	Lisu
Zapotec	Nu
Zapotec	Derung
Zapotec	Jiarong
Zapotec	Luoba
Zapotec	Monba
Zapotec	Tibetan(SC)
Zapotec	Tibetan
Zapotec	Sherpa
Zapotec	Cambodian
Zapotec	Ami
Zapotec	Atayal
Zapotec	Dai
Zapotec	Thai
Zapotec	Kinh
Zapotec	Tujia
Zapotec	She
Zapotec	Miao
Mayan	Mixe
Mayan	Piapoco
Mayan	Karitiana
Mayan	Surui
Mayan	Tlingit
Mayan	Chukchi
Mayan	Mansi
Mayan	Aleut
Mayan	Tubalar
Mayan	Altaian
Mayan	Uyghur
Mayan	Eskimo
Mayan	Even
Mayan	Itelman
Mayan	Ulchi
Mayan	Yakut
Mayan	Oroqen
Mayan	Hezhen
Mayan	Daur
Mayan	Xibo
Mayan	Mongol
Mayan	Japanese
Mayan	Korean
Mayan	Hui
Mayan	Han
Mayan	Lahu
Mayan	Qiang
Mayan	Bai
Mayan	Jino
Mayan	Hani
Mayan	Achang
Mayan	Yi
Mayan	Naxi
Mayan	Tu
Mayan	Jingpo
Mayan	Ersu
Mayan	Pumi(N)
Mayan	Pumi
Mayan	Muya
Mayan	Namuyi
Mayan	Lisu
Mayan	Nu
Mayan	Derung
Mayan	Jiarong
Mayan	Luoba
Mayan	Monba
Mayan	Tibetan(SC)
Mayan	Tibetan
Mayan	Sherpa
Mayan	Cambodian
Mayan	Ami
Mayan	Atayal
Mayan	Dai
Mayan	Thai
Mayan	Kinh
Mayan	Tujia
Mayan	She
Mayan	Miao
Mixe	Piapoco
Mixe	Karitiana
Mixe	Surui
Mixe	Tlingit
Mixe	Chukchi
Mixe	Mansi
Mixe	Aleut
Mixe	Tubalar
Mixe	Altaian
Mixe	Uyghur
Mixe	Eskimo
Mixe	Even
Mixe	Itelman
Mixe	Ulchi
Mixe	Yakut
Mixe	Oroqen
Mixe	Hezhen
Mixe	Daur
Mixe	Xibo
Mixe	Mongol
Mixe	Japanese
Mixe	Korean
Mixe	Hui
Mixe	Han
Mixe	Lahu
Mixe	Qiang
Mixe	Bai
Mixe	Jino
Mixe	Hani
Mixe	Achang
Mixe	Yi
Mixe	Naxi
Mixe	Tu
Mixe	Jingpo
Mixe	Ersu
Mixe	Pumi(N)
Mixe	Pumi
Mixe	Muya
Mixe	Namuyi
Mixe	Lisu
Mixe	Nu
Mixe	Derung
Mixe	Jiarong
Mixe	Luoba
Mixe	Monba
Mixe	Tibetan(SC)
Mixe	Tibetan
Mixe	Sherpa
Mixe	Cambodian
Mixe	Ami
Mixe	Atayal
Mixe	Dai
Mixe	Thai
Mixe	Kinh
Mixe	Tujia
Mixe	She
Mixe	Miao
Piapoco	Karitiana
Piapoco	Surui
Piapoco	Tlingit
Piapoco	Chukchi
Piapoco	Mansi
Piapoco	Aleut
Piapoco	Tubalar
Piapoco	Altaian
Piapoco	Uyghur
Piapoco	Eskimo
Piapoco	Even
Piapoco	Itelman
Piapoco	Ulchi
Piapoco	Yakut
Piapoco	Oroqen
Piapoco	Hezhen
Piapoco	Daur
Piapoco	Xibo
Piapoco	Mongol
Piapoco	Japanese
Piapoco	Korean
Piapoco	Hui
Piapoco	Han
Piapoco	Lahu
Piapoco	Qiang
Piapoco	Bai
Piapoco	Jino
Piapoco	Hani
Piapoco	Achang
Piapoco	Yi
Piapoco	Naxi
Piapoco	Tu
Piapoco	Jingpo
Piapoco	Ersu
Piapoco	Pumi(N)
Piapoco	Pumi
Piapoco	Muya
Piapoco	Namuyi
Piapoco	Lisu
Piapoco	Nu
Piapoco	Derung
Piapoco	Jiarong
Piapoco	Luoba
Piapoco	Monba
Piapoco	Tibetan(SC)
Piapoco	Tibetan
Piapoco	Sherpa
Piapoco	Cambodian
Piapoco	Ami
Piapoco	Atayal
Piapoco	Dai
Piapoco	Thai
Piapoco	Kinh
Piapoco	Tujia
Piapoco	She
Piapoco	Miao
Karitiana	Surui
Karitiana	Tlingit
Karitiana	Chukchi
Karitiana	Mansi
Karitiana	Aleut
Karitiana	Tubalar
Karitiana	Altaian
Karitiana	Uyghur
Karitiana	Eskimo
Karitiana	Even
Karitiana	Itelman
Karitiana	Ulchi
Karitiana	Yakut
Karitiana	Oroqen
Karitiana	Hezhen
Karitiana	Daur
Karitiana	Xibo
Karitiana	Mongol
Karitiana	Japanese
Karitiana	Korean
Karitiana	Hui
Karitiana	Han
Karitiana	Lahu
Karitiana	Qiang
Karitiana	Bai
Karitiana	Jino
Karitiana	Hani
Karitiana	Achang
Karitiana	Yi
Karitiana	Naxi
Karitiana	Tu
Karitiana	Jingpo
Karitiana	Ersu
Karitiana	Pumi(N)
Karitiana	Pumi
Karitiana	Muya
Karitiana	Namuyi
Karitiana	Lisu
Karitiana	Nu
Karitiana	Derung
Karitiana	Jiarong
Karitiana	Luoba
Karitiana	Monba
Karitiana	Tibetan(SC)
Karitiana	Tibetan
Karitiana	Sherpa
Karitiana	Cambodian
Karitiana	Ami
Karitiana	Atayal
Karitiana	Dai
Karitiana	Thai
Karitiana	Kinh
Karitiana	Tujia
Karitiana	She
Karitiana	Miao
Surui	Tlingit
Surui	Chukchi
Surui	Mansi
Surui	Aleut
Surui	Tubalar
Surui	Altaian
Surui	Uyghur
Surui	Eskimo
Surui	Even
Surui	Itelman
Surui	Ulchi
Surui	Yakut
Surui	Oroqen
Surui	Hezhen
Surui	Daur
Surui	Xibo
Surui	Mongol
Surui	Japanese
Surui	Korean
Surui	Hui
Surui	Han
Surui	Lahu
Surui	Qiang
Surui	Bai
Surui	Jino
Surui	Hani
Surui	Achang
Surui	Yi
Surui	Naxi
Surui	Tu
Surui	Jingpo
Surui	Ersu
Surui	Pumi(N)
Surui	Pumi
Surui	Muya
Surui	Namuyi
Surui	Lisu
Surui	Nu
Surui	Derung
Surui	Jiarong
Surui	Luoba
Surui	Monba
Surui	Tibetan(SC)
Surui	Tibetan
Surui	Sherpa
Surui	Cambodian
Surui	Ami
Surui	Atayal
Surui	Dai
Surui	Thai
Surui	Kinh
Surui	Tujia
Surui	She
Surui	Miao
Tlingit	Chukchi
Tlingit	Mansi
Tlingit	Aleut
Tlingit	Tubalar
Tlingit	Altaian
Tlingit	Uyghur
Tlingit	Eskimo
Tlingit	Even
Tlingit	Itelman
Tlingit	Ulchi
Tlingit	Yakut
Tlingit	Oroqen
Tlingit	Hezhen
Tlingit	Daur
Tlingit	Xibo
Tlingit	Mongol
Tlingit	Japanese
Tlingit	Korean
Tlingit	Hui
Tlingit	Han
Tlingit	Lahu
Tlingit	Qiang
Tlingit	Bai
Tlingit	Jino
Tlingit	Hani
Tlingit	Achang
Tlingit	Yi
Tlingit	Naxi
Tlingit	Tu
Tlingit	Jingpo
Tlingit	Ersu
Tlingit	Pumi(N)
Tlingit	Pumi
Tlingit	Muya
Tlingit	Namuyi
Tlingit	Lisu
Tlingit	Nu
Tlingit	Derung
Tlingit	Jiarong
Tlingit	Luoba
Tlingit	Monba
Tlingit	Tibetan(SC)
Tlingit	Tibetan
Tlingit	Sherpa
Tlingit	Cambodian
Tlingit	Ami
Tlingit	Atayal
Tlingit	Dai
Tlingit	Thai
Tlingit	Kinh
Tlingit	Tujia
Tlingit	She
Tlingit	Miao
Chukchi	Mansi
Chukchi	Aleut
Chukchi	Tubalar
Chukchi	Altaian
Chukchi	Uyghur
Chukchi	Eskimo
Chukchi	Even
Chukchi	Itelman
Chukchi	Ulchi
Chukchi	Yakut
Chukchi	Oroqen
Chukchi	Hezhen
Chukchi	Daur
Chukchi	Xibo
Chukchi	Mongol
Chukchi	Japanese
Chukchi	Korean
Chukchi	Hui
Chukchi	Han
Chukchi	Lahu
Chukchi	Qiang
Chukchi	Bai
Chukchi	Jino
Chukchi	Hani
Chukchi	Achang
Chukchi	Yi
Chukchi	Naxi
Chukchi	Tu
Chukchi	Jingpo
Chukchi	Ersu
Chukchi	Pumi(N)
Chukchi	Pumi
Chukchi	Muya
Chukchi	Namuyi
Chukchi	Lisu
Chukchi	Nu
Chukchi	Derung
Chukchi	Jiarong
Chukchi	Luoba
Chukchi	Monba
Chukchi	Tibetan(SC)
Chukchi	Tibetan
Chukchi	Sherpa
Chukchi	Cambodian
Chukchi	Ami
Chukchi	Atayal
Chukchi	Dai
Chukchi	Thai
Chukchi	Kinh
Chukchi	Tujia
Chukchi	She
Chukchi	Miao
Mansi	Aleut
Mansi	Tubalar
Mansi	Altaian
Mansi	Uyghur
Mansi	Eskimo
Mansi	Even
Mansi	Itelman
Mansi	Ulchi
Mansi	Yakut
Mansi	Oroqen
Mansi	Hezhen
Mansi	Daur
Mansi	Xibo
Mansi	Mongol
Mansi	Japanese
Mansi	Korean
Mansi	Hui
Mansi	Han
Mansi	Lahu
Mansi	Qiang
Mansi	Bai
Mansi	Jino
Mansi	Hani
Mansi	Achang
Mansi	Yi
Mansi	Naxi
Mansi	Tu
Mansi	Jingpo
Mansi	Ersu
Mansi	Pumi(N)
Mansi	Pumi
Mansi	Muya
Mansi	Namuyi
Mansi	Lisu
Mansi	Nu
Mansi	Derung
Mansi	Jiarong
Mansi	Luoba
Mansi	Monba
Mansi	Tibetan(SC)
Mansi	Tibetan
Mansi	Sherpa
Mansi	Cambodian
Mansi	Ami
Mansi	Atayal
Mansi	Dai
Mansi	Thai
Mansi	Kinh
Mansi	Tujia
Mansi	She
Mansi	Miao
Aleut	Tubalar
Aleut	Altaian
Aleut	Uyghur
Aleut	Eskimo
Aleut	Even
Aleut	Itelman
Aleut	Ulchi
Aleut	Yakut
Aleut	Oroqen
Aleut	Hezhen
Aleut	Daur
Aleut	Xibo
Aleut	Mongol
Aleut	Japanese
Aleut	Korean
Aleut	Hui
Aleut	Han
Aleut	Lahu
Aleut	Qiang
Aleut	Bai
Aleut	Jino
Aleut	Hani
Aleut	Achang
Aleut	Yi
Aleut	Naxi
Aleut	Tu
Aleut	Jingpo
Aleut	Ersu
Aleut	Pumi(N)
Aleut	Pumi
Aleut	Muya
Aleut	Namuyi
Aleut	Lisu
Aleut	Nu
Aleut	Derung
Aleut	Jiarong
Aleut	Luoba
Aleut	Monba
Aleut	Tibetan(SC)
Aleut	Tibetan
Aleut	Sherpa
Aleut	Cambodian
Aleut	Ami
Aleut	Atayal
Aleut	Dai
Aleut	Thai
Aleut	Kinh
Aleut	Tujia
Aleut	She
Aleut	Miao
Tubalar	Altaian
Tubalar	Uyghur
Tubalar	Eskimo
Tubalar	Even
Tubalar	Itelman
Tubalar	Ulchi
Tubalar	Yakut
Tubalar	Oroqen
Tubalar	Hezhen
Tubalar	Daur
Tubalar	Xibo
Tubalar	Mongol
Tubalar	Japanese
Tubalar	Korean
Tubalar	Hui
Tubalar	Han
Tubalar	Lahu
Tubalar	Qiang
Tubalar	Bai
Tubalar	Jino
Tubalar	Hani
Tubalar	Achang
Tubalar	Yi
Tubalar	Naxi
Tubalar	Tu
Tubalar	Jingpo
Tubalar	Ersu
Tubalar	Pumi(N)
Tubalar	Pumi
Tubalar	Muya
Tubalar	Namuyi
Tubalar	Lisu
Tubalar	Nu
Tubalar	Derung
Tubalar	Jiarong
Tubalar	Luoba
Tubalar	Monba
Tubalar	Tibetan(SC)
Tubalar	Tibetan
Tubalar	Sherpa
Tubalar	Cambodian
Tubalar	Ami
Tubalar	Atayal
Tubalar	Dai
Tubalar	Thai
Tubalar	Kinh
Tubalar	Tujia
Tubalar	She
Tubalar	Miao
Altaian	Uyghur
Altaian	Eskimo
Altaian	Even
Altaian	Itelman
Altaian	Ulchi
Altaian	Yakut
Altaian	Oroqen
Altaian	Hezhen
Altaian	Daur
Altaian	Xibo
Altaian	Mongol
Altaian	Japanese
Altaian	Korean
Altaian	Hui
Altaian	Han
Altaian	Lahu
Altaian	Qiang
Altaian	Bai
Altaian	Jino
Altaian	Hani
Altaian	Achang
Altaian	Yi
Altaian	Naxi
Altaian	Tu
Altaian	Jingpo
Altaian	Ersu
Altaian	Pumi(N)
Altaian	Pumi
Altaian	Muya
Altaian	Namuyi
Altaian	Lisu
Altaian	Nu
Altaian	Derung
Altaian	Jiarong
Altaian	Luoba
Altaian	Monba
Altaian	Tibetan(SC)
Altaian	Tibetan
Altaian	Sherpa
Altaian	Cambodian
Altaian	Ami
Altaian	Atayal
Altaian	Dai
Altaian	Thai
Altaian	Kinh
Altaian	Tujia
Altaian	She
Altaian	Miao
Uyghur	Eskimo
Uyghur	Even
Uyghur	Itelman
Uyghur	Ulchi
Uyghur	Yakut
Uyghur	Oroqen
Uyghur	Hezhen
Uyghur	Daur
Uyghur	Xibo
Uyghur	Mongol
Uyghur	Japanese
Uyghur	Korean
Uyghur	Hui
Uyghur	Han
Uyghur	Lahu
Uyghur	Qiang
Uyghur	Bai
Uyghur	Jino
Uyghur	Hani
Uyghur	Achang
Uyghur	Yi
Uyghur	Naxi
Uyghur	Tu
Uyghur	Jingpo
Uyghur	Ersu
Uyghur	Pumi(N)
Uyghur	Pumi
Uyghur	Muya
Uyghur	Namuyi
Uyghur	Lisu
Uyghur	Nu
Uyghur	Derung
Uyghur	Jiarong
Uyghur	Luoba
Uyghur	Monba
Uyghur	Tibetan(SC)
Uyghur	Tibetan
Uyghur	Sherpa
Uyghur	Cambodian
Uyghur	Ami
Uyghur	Atayal
Uyghur	Dai
Uyghur	Thai
Uyghur	Kinh
Uyghur	Tujia
Uyghur	She
Uyghur	Miao
Eskimo	Even
Eskimo	Itelman
Eskimo	Ulchi
Eskimo	Yakut
Eskimo	Oroqen
Eskimo	Hezhen
Eskimo	Daur
Eskimo	Xibo
Eskimo	Mongol
Eskimo	Japanese
Eskimo	Korean
Eskimo	Hui
Eskimo	Han
Eskimo	Lahu
Eskimo	Qiang
Eskimo	Bai
Eskimo	Jino
Eskimo	Hani
Eskimo	Achang
Eskimo	Yi
Eskimo	Naxi
Eskimo	Tu
Eskimo	Jingpo
Eskimo	Ersu
Eskimo	Pumi(N)
Eskimo	Pumi
Eskimo	Muya
Eskimo	Namuyi
Eskimo	Lisu
Eskimo	Nu
Eskimo	Derung
Eskimo	Jiarong
Eskimo	Luoba
Eskimo	Monba
Eskimo	Tibetan(SC)
Eskimo	Tibetan
Eskimo	Sherpa
Eskimo	Cambodian
Eskimo	Ami
Eskimo	Atayal
Eskimo	Dai
Eskimo	Thai
Eskimo	Kinh
Eskimo	Tujia
Eskimo	She
Eskimo	Miao
Even	Itelman
Even	Ulchi
Even	Yakut
Even	Oroqen
Even	Hezhen
Even	Daur
Even	Xibo
Even	Mongol
Even	Japanese
Even	Korean
Even	Hui
Even	Han
Even	Lahu
Even	Qiang
Even	Bai
Even	Jino
Even	Hani
Even	Achang
Even	Yi
Even	Naxi
Even	Tu
Even	Jingpo
Even	Ersu
Even	Pumi(N)
Even	Pumi
Even	Muya
Even	Namuyi
Even	Lisu
Even	Nu
Even	Derung
Even	Jiarong
Even	Luoba
Even	Monba
Even	Tibetan(SC)
Even	Tibetan
Even	Sherpa
Even	Cambodian
Even	Ami
Even	Atayal
Even	Dai
Even	Thai
Even	Kinh
Even	Tujia
Even	She
Even	Miao
Itelman	Ulchi
Itelman	Yakut
Itelman	Oroqen
Itelman	Hezhen
Itelman	Daur
Itelman	Xibo
Itelman	Mongol
Itelman	Japanese
Itelman	Korean
Itelman	Hui
Itelman	Han
Itelman	Lahu
Itelman	Qiang
Itelman	Bai
Itelman	Jino
Itelman	Hani
Itelman	Achang
Itelman	Yi
Itelman	Naxi
Itelman	Tu
Itelman	Jingpo
Itelman	Ersu
Itelman	Pumi(N)
Itelman	Pumi
Itelman	Muya
Itelman	Namuyi
Itelman	Lisu
Itelman	Nu
Itelman	Derung
Itelman	Jiarong
Itelman	Luoba
Itelman	Monba
Itelman	Tibetan(SC)
Itelman	Tibetan
Itelman	Sherpa
Itelman	Cambodian
Itelman	Ami
Itelman	Atayal
Itelman	Dai
Itelman	Thai
Itelman	Kinh
Itelman	Tujia
Itelman	She
Itelman	Miao
Ulchi	Yakut
Ulchi	Oroqen
Ulchi	Hezhen
Ulchi	Daur
Ulchi	Xibo
Ulchi	Mongol
Ulchi	Japanese
Ulchi	Korean
Ulchi	Hui
Ulchi	Han
Ulchi	Lahu
Ulchi	Qiang
Ulchi	Bai
Ulchi	Jino
Ulchi	Hani
Ulchi	Achang
Ulchi	Yi
Ulchi	Naxi
Ulchi	Tu
Ulchi	Jingpo
Ulchi	Ersu
Ulchi	Pumi(N)
Ulchi	Pumi
Ulchi	Muya
Ulchi	Namuyi
Ulchi	Lisu
Ulchi	Nu
Ulchi	Derung
Ulchi	Jiarong
Ulchi	Luoba
Ulchi	Monba
Ulchi	Tibetan(SC)
Ulchi	Tibetan
Ulchi	Sherpa
Ulchi	Cambodian
Ulchi	Ami
Ulchi	Atayal
Ulchi	Dai
Ulchi	Thai
Ulchi	Kinh
Ulchi	Tujia
Ulchi	She
Ulchi	Miao
Yakut	Oroqen
Yakut	Hezhen
Yakut	Daur
Yakut	Xibo
Yakut	Mongol
Yakut	Japanese
Yakut	Korean
Yakut	Hui
Yakut	Han
Yakut	Lahu
Yakut	Qiang
Yakut	Bai
Yakut	Jino
Yakut	Hani
Yakut	Achang
Yakut	Yi
Yakut	Naxi
Yakut	Tu
Yakut	Jingpo
Yakut	Ersu
Yakut	Pumi(N)
Yakut	Pumi
Yakut	Muya
Yakut	Namuyi
Yakut	Lisu
Yakut	Nu
Yakut	Derung
Yakut	Jiarong
Yakut	Luoba
Yakut	Monba
Yakut	Tibetan(SC)
Yakut	Tibetan
Yakut	Sherpa
Yakut	Cambodian
Yakut	Ami
Yakut	Atayal
Yakut	Dai
Yakut	Thai
Yakut	Kinh
Yakut	Tujia
Yakut	She
Yakut	Miao
Oroqen	Hezhen
Oroqen	Daur
Oroqen	Xibo
Oroqen	Mongol
Oroqen	Japanese
Oroqen	Korean
Oroqen	Hui
Oroqen	Han
Oroqen	Lahu
Oroqen	Qiang
Oroqen	Bai
Oroqen	Jino
Oroqen	Hani
Oroqen	Achang
Oroqen	Yi
Oroqen	Naxi
Oroqen	Tu
Oroqen	Jingpo
Oroqen	Ersu
Oroqen	Pumi(N)
Oroqen	Pumi
Oroqen	Muya
Oroqen	Namuyi
Oroqen	Lisu
Oroqen	Nu
Oroqen	Derung
Oroqen	Jiarong
Oroqen	Luoba
Oroqen	Monba
Oroqen	Tibetan(SC)
Oroqen	Tibetan
Oroqen	Sherpa
Oroqen	Cambodian
Oroqen	Ami
Oroqen	Atayal
Oroqen	Dai
Oroqen	Thai
Oroqen	Kinh
Oroqen	Tujia
Oroqen	She
Oroqen	Miao
Hezhen	Daur
Hezhen	Xibo
Hezhen	Mongol
Hezhen	Japanese
Hezhen	Korean
Hezhen	Hui
Hezhen	Han
Hezhen	Lahu
Hezhen	Qiang
Hezhen	Bai
Hezhen	Jino
Hezhen	Hani
Hezhen	Achang
Hezhen	Yi
Hezhen	Naxi
Hezhen	Tu
Hezhen	Jingpo
Hezhen	Ersu
Hezhen	Pumi(N)
Hezhen	Pumi
Hezhen	Muya
Hezhen	Namuyi
Hezhen	Lisu
Hezhen	Nu
Hezhen	Derung
Hezhen	Jiarong
Hezhen	Luoba
Hezhen	Monba
Hezhen	Tibetan(SC)
Hezhen	Tibetan
Hezhen	Sherpa
Hezhen	Cambodian
Hezhen	Ami
Hezhen	Atayal
Hezhen	Dai
Hezhen	Thai
Hezhen	Kinh
Hezhen	Tujia
Hezhen	She
Hezhen	Miao
Daur	Xibo
Daur	Mongol
Daur	Japanese
Daur	Korean
Daur	Hui
Daur	Han
Daur	Lahu
Daur	Qiang
Daur	Bai
Daur	Jino
Daur	Hani
Daur	Achang
Daur	Yi
Daur	Naxi
Daur	Tu
Daur	Jingpo
Daur	Ersu
Daur	Pumi(N)
Daur	Pumi
Daur	Muya
Daur	Namuyi
Daur	Lisu
Daur	Nu
Daur	Derung
Daur	Jiarong
Daur	Luoba
Daur	Monba
Daur	Tibetan(SC)
Daur	Tibetan
Daur	Sherpa
Daur	Cambodian
Daur	Ami
Daur	Atayal
Daur	Dai
Daur	Thai
Daur	Kinh
Daur	Tujia
Daur	She
Daur	Miao
Xibo	Mongol
Xibo	Japanese
Xibo	Korean
Xibo	Hui
Xibo	Han
Xibo	Lahu
Xibo	Qiang
Xibo	Bai
Xibo	Jino
Xibo	Hani
Xibo	Achang
Xibo	Yi
Xibo	Naxi
Xibo	Tu
Xibo	Jingpo
Xibo	Ersu
Xibo	Pumi(N)
Xibo	Pumi
Xibo	Muya
Xibo	Namuyi
Xibo	Lisu
Xibo	Nu
Xibo	Derung
Xibo	Jiarong
Xibo	Luoba
Xibo	Monba
Xibo	Tibetan(SC)
Xibo	Tibetan
Xibo	Sherpa
Xibo	Cambodian
Xibo	Ami
Xibo	Atayal
Xibo	Dai
Xibo	Thai
Xibo	Kinh
Xibo	Tujia
Xibo	She
Xibo	Miao
Mongol	Japanese
Mongol	Korean
Mongol	Hui
Mongol	Han
Mongol	Lahu
Mongol	Qiang
Mongol	Bai
Mongol	Jino
Mongol	Hani
Mongol	Achang
Mongol	Yi
Mongol	Naxi
Mongol	Tu
Mongol	Jingpo
Mongol	Ersu
Mongol	Pumi(N)
Mongol	Pumi
Mongol	Muya
Mongol	Namuyi
Mongol	Lisu
Mongol	Nu
Mongol	Derung
Mongol	Jiarong
Mongol	Luoba
Mongol	Monba
Mongol	Tibetan(SC)
Mongol	Tibetan
Mongol	Sherpa
Mongol	Cambodian
Mongol	Ami
Mongol	Atayal
Mongol	Dai
Mongol	Thai
Mongol	Kinh
Mongol	Tujia
Mongol	She
Mongol	Miao
Japanese	Korean
Japanese	Hui
Japanese	Han
Japanese	Lahu
Japanese	Qiang
Japanese	Bai
Japanese	Jino
Japanese	Hani
Japanese	Achang
Japanese	Yi
Japanese	Naxi
Japanese	Tu
Japanese	Jingpo
Japanese	Ersu
Japanese	Pumi(N)
Japanese	Pumi
Japanese	Muya
Japanese	Namuyi
Japanese	Lisu
Japanese	Nu
Japanese	Derung
Japanese	Jiarong
Japanese	Luoba
Japanese	Monba
Japanese	Tibetan(SC)
Japanese	Tibetan
Japanese	Sherpa
Japanese	Cambodian
Japanese	Ami
Japanese	Atayal
Japanese	Dai
Japanese	Thai
Japanese	Kinh
Japanese	Tujia
Japanese	She
Japanese	Miao
Korean	Hui
Korean	Han
Korean	Lahu
Korean	Qiang
Korean	Bai
Korean	Jino
Korean	Hani
Korean	Achang
Korean	Yi
Korean	Naxi
Korean	Tu
Korean	Jingpo
Korean	Ersu
Korean	Pumi(N)
Korean	Pumi
Korean	Muya
Korean	Namuyi
Korean	Lisu
Korean	Nu
Korean	Derung
Korean	Jiarong
Korean	Luoba
Korean	Monba
Korean	Tibetan(SC)
Korean	Tibetan
Korean	Sherpa
Korean	Cambodian
Korean	Ami
Korean	Atayal
Korean	Dai
Korean	Thai
Korean	Kinh
Korean	Tujia
Korean	She
Korean	Miao
Hui	Han
Hui	Lahu
Hui	Qiang
Hui	Bai
Hui	Jino
Hui	Hani
Hui	Achang
Hui	Yi
Hui	Naxi
Hui	Tu
Hui	Jingpo
Hui	Ersu
Hui	Pumi(N)
Hui	Pumi
Hui	Muya
Hui	Namuyi
Hui	Lisu
Hui	Nu
Hui	Derung
Hui	Jiarong
Hui	Luoba
Hui	Monba
Hui	Tibetan(SC)
Hui	Tibetan
Hui	Sherpa
Hui	Cambodian
Hui	Ami
Hui	Atayal
Hui	Dai
Hui	Thai
Hui	Kinh
Hui	Tujia
Hui	She
Hui	Miao
Han	Lahu
Han	Qiang
Han	Bai
Han	Jino
Han	Hani
Han	Achang
Han	Yi
Han	Naxi
Han	Tu
Han	Jingpo
Han	Ersu
Han	Pumi(N)
Han	Pumi
Han	Muya
Han	Namuyi
Han	Lisu
Han	Nu
Han	Derung
Han	Jiarong
Han	Luoba
Han	Monba
Han	Tibetan(SC)
Han	Tibetan
Han	Sherpa
Han	Cambodian
Han	Ami
Han	Atayal
Han	Dai
Han	Thai
Han	Kinh
Han	Tujia
Han	She
Han	Miao
Lahu	Qiang
Lahu	Bai
Lahu	Jino
Lahu	Hani
Lahu	Achang
Lahu	Yi
Lahu	Naxi
Lahu	Tu
Lahu	Jingpo
Lahu	Ersu
Lahu	Pumi(N)
Lahu	Pumi
Lahu	Muya
Lahu	Namuyi
Lahu	Lisu
Lahu	Nu
Lahu	Derung
Lahu	Jiarong
Lahu	Luoba
Lahu	Monba
Lahu	Tibetan(SC)
Lahu	Tibetan
Lahu	Sherpa
Lahu	Cambodian
Lahu	Ami
Lahu	Atayal
Lahu	Dai
Lahu	Thai
Lahu	Kinh
Lahu	Tujia
Lahu	She
Lahu	Miao
Qiang	Bai
Qiang	Jino
Qiang	Hani
Qiang	Achang
Qiang	Yi
Qiang	Naxi
Qiang	Tu
Qiang	Jingpo
Qiang	Ersu
Qiang	Pumi(N)
Qiang	Pumi
Qiang	Muya
Qiang	Namuyi
Qiang	Lisu
Qiang	Nu
Qiang	Derung
Qiang	Jiarong
Qiang	Luoba
Qiang	Monba
Qiang	Tibetan(SC)
Qiang	Tibetan
Qiang	Sherpa
Qiang	Cambodian
Qiang	Ami
Qiang	Atayal
Qiang	Dai
Qiang	Thai
Qiang	Kinh
Qiang	Tujia
Qiang	She
Qiang	Miao
Bai	Jino
Bai	Hani
Bai	Achang
Bai	Yi
Bai	Naxi
Bai	Tu
Bai	Jingpo
Bai	Ersu
Bai	Pumi(N)
Bai	Pumi
Bai	Muya
Bai	Namuyi
Bai	Lisu
Bai	Nu
Bai	Derung
Bai	Jiarong
Bai	Luoba
Bai	Monba
Bai	Tibetan(SC)
Bai	Tibetan
Bai	Sherpa
Bai	Cambodian
Bai	Ami
Bai	Atayal
Bai	Dai
Bai	Thai
Bai	Kinh
Bai	Tujia
Bai	She
Bai	Miao
Jino	Hani
Jino	Achang
Jino	Yi
Jino	Naxi
Jino	Tu
Jino	Jingpo
Jino	Ersu
Jino	Pumi(N)
Jino	Pumi
Jino	Muya
Jino	Namuyi
Jino	Lisu
Jino	Nu
Jino	Derung
Jino	Jiarong
Jino	Luoba
Jino	Monba
Jino	Tibetan(SC)
Jino	Tibetan
Jino	Sherpa
Jino	Cambodian
Jino	Ami
Jino	Atayal
Jino	Dai
Jino	Thai
Jino	Kinh
Jino	Tujia
Jino	She
Jino	Miao
Hani	Achang
Hani	Yi
Hani	Naxi
Hani	Tu
Hani	Jingpo
Hani	Ersu
Hani	Pumi(N)
Hani	Pumi
Hani	Muya
Hani	Namuyi
Hani	Lisu
Hani	Nu
Hani	Derung
Hani	Jiarong
Hani	Luoba
Hani	Monba
Hani	Tibetan(SC)
Hani	Tibetan
Hani	Sherpa
Hani	Cambodian
Hani	Ami
Hani	Atayal
Hani	Dai
Hani	Thai
Hani	Kinh
Hani	Tujia
Hani	She
Hani	Miao
Achang	Yi
Achang	Naxi
Achang	Tu
Achang	Jingpo
Achang	Ersu
Achang	Pumi(N)
Achang	Pumi
Achang	Muya
Achang	Namuyi
Achang	Lisu
Achang	Nu
Achang	Derung
Achang	Jiarong
Achang	Luoba
Achang	Monba
Achang	Tibetan(SC)
Achang	Tibetan
Achang	Sherpa
Achang	Cambodian
Achang	Ami
Achang	Atayal
Achang	Dai
Achang	Thai
Achang	Kinh
Achang	Tujia
Achang	She
Achang	Miao
Yi	Naxi
Yi	Tu
Yi	Jingpo
Yi	Ersu
Yi	Pumi(N)
Yi	Pumi
Yi	Muya
Yi	Namuyi
Yi	Lisu
Yi	Nu
Yi	Derung
Yi	Jiarong
Yi	Luoba
Yi	Monba
Yi	Tibetan(SC)
Yi	Tibetan
Yi	Sherpa
Yi	Cambodian
Yi	Ami
Yi	Atayal
Yi	Dai
Yi	Thai
Yi	Kinh
Yi	Tujia
Yi	She
Yi	Miao
Naxi	Tu
Naxi	Jingpo
Naxi	Ersu
Naxi	Pumi(N)
Naxi	Pumi
Naxi	Muya
Naxi	Namuyi
Naxi	Lisu
Naxi	Nu
Naxi	Derung
Naxi	Jiarong
Naxi	Luoba
Naxi	Monba
Naxi	Tibetan(SC)
Naxi	Tibetan
Naxi	Sherpa
Naxi	Cambodian
Naxi	Ami
Naxi	Atayal
Naxi	Dai
Naxi	Thai
Naxi	Kinh
Naxi	Tujia
Naxi	She
Naxi	Miao
Tu	Jingpo
Tu	Ersu
Tu	Pumi(N)
Tu	Pumi
Tu	Muya
Tu	Namuyi
Tu	Lisu
Tu	Nu
Tu	Derung
Tu	Jiarong
Tu	Luoba
Tu	Monba
Tu	Tibetan(SC)
Tu	Tibetan
Tu	Sherpa
Tu	Cambodian
Tu	Ami
Tu	Atayal
Tu	Dai
Tu	Thai
Tu	Kinh
Tu	Tujia
Tu	She
Tu	Miao
Jingpo	Ersu
Jingpo	Pumi(N)
Jingpo	Pumi
Jingpo	Muya
Jingpo	Namuyi
Jingpo	Lisu
Jingpo	Nu
Jingpo	Derung
Jingpo	Jiarong
Jingpo	Luoba
Jingpo	Monba
Jingpo	Tibetan(SC)
Jingpo	Tibetan
Jingpo	Sherpa
Jingpo	Cambodian
Jingpo	Ami
Jingpo	Atayal
Jingpo	Dai
Jingpo	Thai
Jingpo	Kinh
Jingpo	Tujia
Jingpo	She
Jingpo	Miao
Ersu	Pumi(N)
Ersu	Pumi
Ersu	Muya
Ersu	Namuyi
Ersu	Lisu
Ersu	Nu
Ersu	Derung
Ersu	Jiarong
Ersu	Luoba
Ersu	Monba
Ersu	Tibetan(SC)
Ersu	Tibetan
Ersu	Sherpa
Ersu	Cambodian
Ersu	Ami
Ersu	Atayal
Ersu	Dai
Ersu	Thai
Ersu	Kinh
Ersu	Tujia
Ersu	She
Ersu	Miao
Pumi(N)	Pumi
Pumi(N)	Muya
Pumi(N)	Namuyi
Pumi(N)	Lisu
Pumi(N)	Nu
Pumi(N)	Derung
Pumi(N)	Jiarong
Pumi(N)	Luoba
Pumi(N)	Monba
Pumi(N)	Tibetan(SC)
Pumi(N)	Tibetan
Pumi(N)	Sherpa
Pumi(N)	Cambodian
Pumi(N)	Ami
Pumi(N)	Atayal
Pumi(N)	Dai
Pumi(N)	Thai
Pumi(N)	Kinh
Pumi(N)	Tujia
Pumi(N)	She
Pumi(N)	Miao
Pumi	Muya
Pumi	Namuyi
Pumi	Lisu
Pumi	Nu
Pumi	Derung
Pumi	Jiarong
Pumi	Luoba
Pumi	Monba
Pumi	Tibetan(SC)
Pumi	Tibetan
Pumi	Sherpa
Pumi	Cambodian
Pumi	Ami
Pumi	Atayal
Pumi	Dai
Pumi	Thai
Pumi	Kinh
Pumi	Tujia
Pumi	She
Pumi	Miao
Muya	Namuyi
Muya	Lisu
Muya	Nu
Muya	Derung
Muya	Jiarong
Muya	Luoba
Muya	Monba
Muya	Tibetan(SC)
Muya	Tibetan
Muya	Sherpa
Muya	Cambodian
Muya	Ami
Muya	Atayal
Muya	Dai
Muya	Thai
Muya	Kinh
Muya	Tujia
Muya	She
Muya	Miao
Namuyi	Lisu
Namuyi	Nu
Namuyi	Derung
Namuyi	Jiarong
Namuyi	Luoba
Namuyi	Monba
Namuyi	Tibetan(SC)
Namuyi	Tibetan
Namuyi	Sherpa
Namuyi	Cambodian
Namuyi	Ami
Namuyi	Atayal
Namuyi	Dai
Namuyi	Thai
Namuyi	Kinh
Namuyi	Tujia
Namuyi	She
Namuyi	Miao
Lisu	Nu
Lisu	Derung
Lisu	Jiarong
Lisu	Luoba
Lisu	Monba
Lisu	Tibetan(SC)
Lisu	Tibetan
Lisu	Sherpa
Lisu	Cambodian
Lisu	Ami
Lisu	Atayal
Lisu	Dai
Lisu	Thai
Lisu	Kinh
Lisu	Tujia
Lisu	She
Lisu	Miao
Nu	Derung
Nu	Jiarong
Nu	Luoba
Nu	Monba
Nu	Tibetan(SC)
Nu	Tibetan
Nu	Sherpa
Nu	Cambodian
Nu	Ami
Nu	Atayal
Nu	Dai
Nu	Thai
Nu	Kinh
Nu	Tujia
Nu	She
Nu	Miao
Derung	Jiarong
Derung	Luoba
Derung	Monba
Derung	Tibetan(SC)
Derung	Tibetan
Derung	Sherpa
Derung	Cambodian
Derung	Ami
Derung	Atayal
Derung	Dai
Derung	Thai
Derung	Kinh
Derung	Tujia
Derung	She
Derung	Miao
Jiarong	Luoba
Jiarong	Monba
Jiarong	Tibetan(SC)
Jiarong	Tibetan
Jiarong	Sherpa
Jiarong	Cambodian
Jiarong	Ami
Jiarong	Atayal
Jiarong	Dai
Jiarong	Thai
Jiarong	Kinh
Jiarong	Tujia
Jiarong	She
Jiarong	Miao
Luoba	Monba
Luoba	Tibetan(SC)
Luoba	Tibetan
Luoba	Sherpa
Luoba	Cambodian
Luoba	Ami
Luoba	Atayal
Luoba	Dai
Luoba	Thai
Luoba	Kinh
Luoba	Tujia
Luoba	She
Luoba	Miao
Monba	Tibetan(SC)
Monba	Tibetan
Monba	Sherpa
Monba	Cambodian
Monba	Ami
Monba	Atayal
Monba	Dai
Monba	Thai
Monba	Kinh
Monba	Tujia
Monba	She
Monba	Miao
Tibetan(SC)	Tibetan
Tibetan(SC)	Sherpa
Tibetan(SC)	Cambodian
Tibetan(SC)	Ami
Tibetan(SC)	Atayal
Tibetan(SC)	Dai
Tibetan(SC)	Thai
Tibetan(SC)	Kinh
Tibetan(SC)	Tujia
Tibetan(SC)	She
Tibetan(SC)	Miao
Tibetan	Sherpa
Tibetan	Cambodian
Tibetan	Ami
Tibetan	Atayal
Tibetan	Dai
Tibetan	Thai
Tibetan	Kinh
Tibetan	Tujia
Tibetan	She
Tibetan	Miao
Sherpa	Cambodian
Sherpa	Ami
Sherpa	Atayal
Sherpa	Dai
Sherpa	Thai
Sherpa	Kinh
Sherpa	Tujia
Sherpa	She
Sherpa	Miao
Cambodian	Ami
Cambodian	Atayal
Cambodian	Dai
Cambodian	Thai
Cambodian	Kinh
Cambodian	Tujia
Cambodian	She
Cambodian	Miao
Ami	Atayal
Ami	Dai
Ami	Thai
Ami	Kinh
Ami	Tujia
Ami	She
Ami	Miao
Atayal	Dai
Atayal	Thai
Atayal	Kinh
Atayal	Tujia
Atayal	She
Atayal	Miao
Dai	Thai
Dai	Kinh
Dai	Tujia
Dai	She
Dai	Miao
Thai	Kinh
Thai	Tujia
Thai	She
Thai	Miao
Kinh	Tujia
Kinh	She
Kinh	Miao
Tujia	She
Tujia	Miao
She	Miao
